Archive member included to satisfy reference by file (symbol)

c:/tallerdeproyecto1/ciaa_software_1.1-win/ciaa_software_1.1-win/tools/arm-none-eabi-gcc/bin/../lib/gcc/arm-none-eabi/8.2.1/thumb/v7e-m+fp/hard\libgcc.a(_arm_addsubdf3.o)
                              app/src/main.o (__aeabi_ui2d)
c:/tallerdeproyecto1/ciaa_software_1.1-win/ciaa_software_1.1-win/tools/arm-none-eabi-gcc/bin/../lib/gcc/arm-none-eabi/8.2.1/thumb/v7e-m+fp/hard\libgcc.a(_arm_muldivdf3.o)
                              app/src/main.o (__aeabi_dmul)
c:/tallerdeproyecto1/ciaa_software_1.1-win/ciaa_software_1.1-win/tools/arm-none-eabi-gcc/bin/../lib/gcc/arm-none-eabi/8.2.1/thumb/v7e-m+fp/hard\libgcc.a(_arm_truncdfsf2.o)
                              app/src/main.o (__aeabi_d2f)
c:/tallerdeproyecto1/ciaa_software_1.1-win/ciaa_software_1.1-win/tools/arm-none-eabi-gcc/bin/../lib/gcc/arm-none-eabi/8.2.1/thumb/v7e-m+fp/hard\libgcc.a(_aeabi_uldivmod.o)
                              lpc_chip_43xx/src/uart_18xx_43xx.o (__aeabi_uldivmod)
c:/tallerdeproyecto1/ciaa_software_1.1-win/ciaa_software_1.1-win/tools/arm-none-eabi-gcc/bin/../lib/gcc/arm-none-eabi/8.2.1/thumb/v7e-m+fp/hard\libgcc.a(_udivmoddi4.o)
                              c:/tallerdeproyecto1/ciaa_software_1.1-win/ciaa_software_1.1-win/tools/arm-none-eabi-gcc/bin/../lib/gcc/arm-none-eabi/8.2.1/thumb/v7e-m+fp/hard\libgcc.a(_aeabi_uldivmod.o) (__udivmoddi4)
c:/tallerdeproyecto1/ciaa_software_1.1-win/ciaa_software_1.1-win/tools/arm-none-eabi-gcc/bin/../lib/gcc/arm-none-eabi/8.2.1/thumb/v7e-m+fp/hard\libgcc.a(_dvmd_tls.o)
                              c:/tallerdeproyecto1/ciaa_software_1.1-win/ciaa_software_1.1-win/tools/arm-none-eabi-gcc/bin/../lib/gcc/arm-none-eabi/8.2.1/thumb/v7e-m+fp/hard\libgcc.a(_aeabi_uldivmod.o) (__aeabi_ldiv0)
c:/tallerdeproyecto1/ciaa_software_1.1-win/ciaa_software_1.1-win/tools/arm-none-eabi-gcc/bin/../lib/gcc/arm-none-eabi/8.2.1/../../../../arm-none-eabi/lib/thumb/v7e-m+fp/hard\libc_nano.a(lib_a-memcpy-stub.o)
                              lpc_chip_43xx/src/ring_buffer.o (memcpy)
c:/tallerdeproyecto1/ciaa_software_1.1-win/ciaa_software_1.1-win/tools/arm-none-eabi-gcc/bin/../lib/gcc/arm-none-eabi/8.2.1/../../../../arm-none-eabi/lib/thumb/v7e-m+fp/hard\libc_nano.a(lib_a-memset.o)
                              lpc_chip_43xx/src/clock_18xx_43xx.o (memset)
c:/tallerdeproyecto1/ciaa_software_1.1-win/ciaa_software_1.1-win/tools/arm-none-eabi-gcc/bin/../lib/gcc/arm-none-eabi/8.2.1/../../../../arm-none-eabi/lib/thumb/v7e-m+fp/hard\libc_nano.a(lib_a-printf.o)
                              app/src/main.o (printf)
c:/tallerdeproyecto1/ciaa_software_1.1-win/ciaa_software_1.1-win/tools/arm-none-eabi-gcc/bin/../lib/gcc/arm-none-eabi/8.2.1/../../../../arm-none-eabi/lib/thumb/v7e-m+fp/hard\libc_nano.a(lib_a-puts.o)
                              app/src/main.o (puts)
c:/tallerdeproyecto1/ciaa_software_1.1-win/ciaa_software_1.1-win/tools/arm-none-eabi-gcc/bin/../lib/gcc/arm-none-eabi/8.2.1/../../../../arm-none-eabi/lib/thumb/v7e-m+fp/hard\libc_nano.a(lib_a-wbuf.o)
                              c:/tallerdeproyecto1/ciaa_software_1.1-win/ciaa_software_1.1-win/tools/arm-none-eabi-gcc/bin/../lib/gcc/arm-none-eabi/8.2.1/../../../../arm-none-eabi/lib/thumb/v7e-m+fp/hard\libc_nano.a(lib_a-puts.o) (__swbuf_r)
c:/tallerdeproyecto1/ciaa_software_1.1-win/ciaa_software_1.1-win/tools/arm-none-eabi-gcc/bin/../lib/gcc/arm-none-eabi/8.2.1/../../../../arm-none-eabi/lib/thumb/v7e-m+fp/hard\libc_nano.a(lib_a-wsetup.o)
                              c:/tallerdeproyecto1/ciaa_software_1.1-win/ciaa_software_1.1-win/tools/arm-none-eabi-gcc/bin/../lib/gcc/arm-none-eabi/8.2.1/../../../../arm-none-eabi/lib/thumb/v7e-m+fp/hard\libc_nano.a(lib_a-puts.o) (__swsetup_r)
c:/tallerdeproyecto1/ciaa_software_1.1-win/ciaa_software_1.1-win/tools/arm-none-eabi-gcc/bin/../lib/gcc/arm-none-eabi/8.2.1/../../../../arm-none-eabi/lib/thumb/v7e-m+fp/hard\libc_nano.a(lib_a-fflush.o)
                              c:/tallerdeproyecto1/ciaa_software_1.1-win/ciaa_software_1.1-win/tools/arm-none-eabi-gcc/bin/../lib/gcc/arm-none-eabi/8.2.1/../../../../arm-none-eabi/lib/thumb/v7e-m+fp/hard\libc_nano.a(lib_a-wbuf.o) (_fflush_r)
c:/tallerdeproyecto1/ciaa_software_1.1-win/ciaa_software_1.1-win/tools/arm-none-eabi-gcc/bin/../lib/gcc/arm-none-eabi/8.2.1/../../../../arm-none-eabi/lib/thumb/v7e-m+fp/hard\libc_nano.a(lib_a-findfp.o)
                              c:/tallerdeproyecto1/ciaa_software_1.1-win/ciaa_software_1.1-win/tools/arm-none-eabi-gcc/bin/../lib/gcc/arm-none-eabi/8.2.1/../../../../arm-none-eabi/lib/thumb/v7e-m+fp/hard\libc_nano.a(lib_a-printf.o) (__sinit)
c:/tallerdeproyecto1/ciaa_software_1.1-win/ciaa_software_1.1-win/tools/arm-none-eabi-gcc/bin/../lib/gcc/arm-none-eabi/8.2.1/../../../../arm-none-eabi/lib/thumb/v7e-m+fp/hard\libc_nano.a(lib_a-fwalk.o)
[...]
Memory Configuration

Name             Origin             Length             Attributes
MFlashA512       0x1a000000         0x00080000         xr
MFlashB512       0x1b000000         0x00080000         xr
RamLoc32         0x10000000         0x00008000         xrw
RamLoc40         0x10080000         0x0000a000         xrw
RamAHB32         0x20000000         0x00008000         xrw
RamAHB16         0x20008000         0x00004000         xrw
RamAHB_ETB16     0x2000c000         0x00004000         xrw
*default*        0x00000000         0xffffffff

Linker script and memory map

LOAD app/src/main.o
LOAD lpc_chip_43xx/src/evrt_18xx_43xx.o
LOAD lpc_chip_43xx/src/sysinit_18xx_43xx.o
LOAD lpc_chip_43xx/src/sdmmc_18xx_43xx.o
LOAD lpc_chip_43xx/src/fpu_init.o
LOAD lpc_chip_43xx/src/chip_18xx_43xx.o
LOAD lpc_chip_43xx/src/eeprom_18xx_43xx.o
LOAD lpc_chip_43xx/src/dac_18xx_43xx.o
LOAD lpc_chip_43xx/src/pinint_18xx_43xx.o
LOAD lpc_chip_43xx/src/wwdt_18xx_43xx.o
LOAD lpc_chip_43xx/src/i2cm_18xx_43xx.o
LOAD lpc_chip_43xx/src/timer_18xx_43xx.o
LOAD lpc_chip_43xx/src/sdio_18xx_43xx.o
LOAD lpc_chip_43xx/src/i2c_18xx_43xx.o
LOAD lpc_chip_43xx/src/atimer_18xx_43xx.o
LOAD lpc_chip_43xx/src/aes_18xx_43xx.o
LOAD lpc_chip_43xx/src/otp_18xx_43xx.o
LOAD lpc_chip_43xx/src/emc_18xx_43xx.o
LOAD lpc_chip_43xx/src/clock_18xx_43xx.o
LOAD lpc_chip_43xx/src/gpiogroup_18xx_43xx.o
LOAD lpc_chip_43xx/src/pmc_18xx_43xx.o
LOAD lpc_chip_43xx/src/ssp_18xx_43xx.o
LOAD lpc_chip_43xx/src/enet_18xx_43xx.o
LOAD lpc_chip_43xx/src/gpdma_18xx_43xx.o
LOAD lpc_chip_43xx/src/gpio_18xx_43xx.o
LOAD lpc_chip_43xx/src/spi_18xx_43xx.o
LOAD lpc_chip_43xx/src/rtc_18xx_43xx.o
LOAD lpc_chip_43xx/src/adc_18xx_43xx.o
LOAD lpc_chip_43xx/src/iap_18xx_43xx.o
LOAD lpc_chip_43xx/src/stopwatch_18xx_43xx.o
LOAD lpc_chip_43xx/src/sct_pwm_18xx_43xx.o
LOAD lpc_chip_43xx/src/sdif_18xx_43xx.o
LOAD lpc_chip_43xx/src/ccan_18xx_43xx.o
LOAD lpc_chip_43xx/src/ring_buffer.o
LOAD lpc_chip_43xx/src/uart_18xx_43xx.o
LOAD lpc_chip_43xx/src/lcd_18xx_43xx.o
LOAD lpc_chip_43xx/src/i2s_18xx_43xx.o
LOAD lpc_chip_43xx/src/ritimer_18xx_43xx.o
LOAD lpc_chip_43xx/src/sct_18xx_43xx.o
LOAD lpc_chip_43xx/src/hsadc_18xx_43xx.o
LOAD lpc_board_ciaa_edu_4337/src/sysinit.o
LOAD lpc_board_ciaa_edu_4337/src/system.o
LOAD lpc_board_ciaa_edu_4337/src/crp.o
LOAD lpc_board_ciaa_edu_4337/src/board_sysinit.o
LOAD lpc_board_ciaa_edu_4337/src/cr_startup_lpc43xx.o
LOAD lpc_board_ciaa_edu_4337/src/board.o
START GROUP
LOAD c:/tallerdeproyecto1/ciaa_software_1.1-win/ciaa_software_1.1-win/tools/arm-none-eabi-gcc/bin/../lib/gcc/arm-none-eabi/8.2.1/thumb/v7e-m+fp/hard\libgcc.a
LOAD c:/tallerdeproyecto1/ciaa_software_1.1-win/ciaa_software_1.1-win/tools/arm-none-eabi-gcc/bin/../lib/gcc/arm-none-eabi/8.2.1/../../../../arm-none-eabi/lib/thumb/v7e-m+fp/hard\libc_nano.a
END GROUP
START GROUP
LOAD c:/tallerdeproyecto1/ciaa_software_1.1-win/ciaa_software_1.1-win/tools/arm-none-eabi-gcc/bin/../lib/gcc/arm-none-eabi/8.2.1/thumb/v7e-m+fp/hard\libgcc.a
LOAD c:/tallerdeproyecto1/ciaa_software_1.1-win/ciaa_software_1.1-win/tools/arm-none-eabi-gcc/bin/../lib/gcc/arm-none-eabi/8.2.1/../../../../arm-none-eabi/lib/thumb/v7e-m+fp/hard\libc_nano.a
END GROUP
START GROUP
LOAD c:/tallerdeproyecto1/ciaa_software_1.1-win/ciaa_software_1.1-win/tools/arm-none-eabi-gcc/bin/../lib/gcc/arm-none-eabi/8.2.1/thumb/v7e-m+fp/hard\libgcc.a
LOAD c:/tallerdeproyecto1/ciaa_software_1.1-win/ciaa_software_1.1-win/tools/arm-none-eabi-gcc/bin/../lib/gcc/arm-none-eabi/8.2.1/../../../../arm-none-eabi/lib/thumb/v7e-m+fp/hard\libc.a
LOAD c:/tallerdeproyecto1/ciaa_software_1.1-win/ciaa_software_1.1-win/tools/arm-none-eabi-gcc/bin/../lib/gcc/arm-none-eabi/8.2.1/../../../../arm-none-eabi/lib/thumb/v7e-m+fp/hard\libm.a
END GROUP
                0x1a080000                __top_MFlashA512 = 0x1a080000
                0x1b080000                __top_MFlashB512 = 0x1b080000
                0x10008000                __top_RamLoc32 = 0x10008000
                0x1008a000                __top_RamLoc40 = 0x1008a000
                0x20008000                __top_RamAHB32 = 0x20008000
                0x2000c000                __top_RamAHB16 = 0x2000c000
                0x20010000                __top_RamAHB_ETB16 = 0x20010000

.text_Flash2    0x1b000000        0x0
 FILL mask 0xff
 *(.text_Flash2*)
 *(.text_MFlashB512*)
 *(.text.$Flash2*)
 *(.text.$MFlashB512*)
 *(.rodata.$Flash2*)
 *(.rodata.$MFlashB512*)

.text           0x1a000000     0x2c68
 FILL mask 0xff
                0x1a000000                __vectors_start__ = ABSOLUTE (.)
 *(.isr_vector)
 .isr_vector    0x1a000000      0x114 lpc_board_ciaa_edu_4337/src/cr_startup_lpc43xx.o
                0x1a000000                g_pfnVectors
                0x1a000114                . = ALIGN (0x4)
                0x1a000114                __section_table_start = .
                0x1a000114                __data_section_table = .
                0x1a000114        0x4 LONG 0x1a002c70 LOADADDR (.data)
                0x1a000118        0x4 LONG 0x10000000 ADDR (.data)
                0x1a00011c        0x4 LONG 0x64 SIZEOF (.data)
                0x1a000120        0x4 LONG 0x1a002c70 LOADADDR (.data_RAM2)
                0x1a000124        0x4 LONG 0x10080000 ADDR (.data_RAM2)
                0x1a000128        0x4 LONG 0x0 SIZEOF (.data_RAM2)
                0x1a00012c        0x4 LONG 0x1a002c70 LOADADDR (.data_RAM3)
                0x1a000130        0x4 LONG 0x20000000 ADDR (.data_RAM3)
                0x1a000134        0x4 LONG 0x0 SIZEOF (.data_RAM3)
                0x1a000138        0x4 LONG 0x1a002c70 LOADADDR (.data_RAM4)
                0x1a00013c        0x4 LONG 0x20008000 ADDR (.data_RAM4)
                0x1a000140        0x4 LONG 0x0 SIZEOF (.data_RAM4)
                0x1a000144        0x4 LONG 0x1a002c70 LOADADDR (.data_RAM5)
                0x1a000148        0x4 LONG 0x2000c000 ADDR (.data_RAM5)
                0x1a00014c        0x4 LONG 0x0 SIZEOF (.data_RAM5)
                0x1a000150                __data_section_table_end = .
                0x1a000150                __bss_section_table = .
                0x1a000150        0x4 LONG 0x10000064 ADDR (.bss)
                0x1a000154        0x4 LONG 0x28 SIZEOF (.bss)
                0x1a000158        0x4 LONG 0x10080000 ADDR (.bss_RAM2)
                0x1a00015c        0x4 LONG 0x0 SIZEOF (.bss_RAM2)
                0x1a000160        0x4 LONG 0x20000000 ADDR (.bss_RAM3)
                0x1a000164        0x4 LONG 0x0 SIZEOF (.bss_RAM3)
                0x1a000168        0x4 LONG 0x20008000 ADDR (.bss_RAM4)
                0x1a00016c        0x4 LONG 0x0 SIZEOF (.bss_RAM4)
                0x1a000170        0x4 LONG 0x2000c000 ADDR (.bss_RAM5)
                0x1a000174        0x4 LONG 0x0 SIZEOF (.bss_RAM5)
                0x1a000178                __bss_section_table_end = .
                0x1a000178                __section_table_end = .
 *(.after_vectors*)
 .after_vectors
                0x1a000178       0x44 lpc_board_ciaa_edu_4337/src/cr_startup_lpc43xx.o
                0x1a000178                NMI_Handler
                0x1a00017a                HardFault_Handler
                0x1a00017c                MemManage_Handler
                0x1a00017e                BusFault_Handler
                0x1a000180                UsageFault_Handler
                0x1a000182                SVC_Handler
                0x1a000184                DebugMon_Handler
                0x1a000186                PendSV_Handler
                0x1a00018a                ATIMER_IRQHandler
                0x1a00018a                SDIO_IRQHandler
                0x1a00018a                ADCHS_IRQHandler
                0x1a00018a                I2C1_IRQHandler
                0x1a00018a                UART1_IRQHandler
                0x1a00018a                GPIO5_IRQHandler
                0x1a00018a                CAN1_IRQHandler
                0x1a00018a                USB1_IRQHandler
                0x1a00018a                I2S0_IRQHandler
                0x1a00018a                TIMER3_IRQHandler
                0x1a00018a                UART0_IRQHandler
                0x1a00018a                GINT1_IRQHandler
                0x1a00018a                SGPIO_IRQHandler
                0x1a00018a                ADC0_IRQHandler
                0x1a00018a                RIT_IRQHandler
                0x1a00018a                FLASH_EEPROM_IRQHandler
                0x1a00018a                IntDefaultHandler
                0x1a00018a                GPIO1_IRQHandler
                0x1a00018a                SSP0_IRQHandler
                0x1a00018a                ADC1_IRQHandler
                0x1a00018a                RTC_IRQHandler
                0x1a00018a                TIMER0_IRQHandler
                0x1a00018a                SPI_IRQHandler
                0x1a00018a                LCD_IRQHandler
                0x1a00018a                M0APP_IRQHandler
                0x1a00018a                TIMER1_IRQHandler
                0x1a00018a                UART2_IRQHandler
                0x1a00018a                GPIO2_IRQHandler
                0x1a00018a                I2S1_IRQHandler
                0x1a00018a                SSP1_IRQHandler
                0x1a00018a                USB0_IRQHandler
                0x1a00018a                GPIO3_IRQHandler
                0x1a00018a                SCT_IRQHandler
                0x1a00018a                GPIO6_IRQHandler
                0x1a00018a                WDT_IRQHandler
                0x1a00018a                I2C0_IRQHandler
                0x1a00018a                GPIO7_IRQHandler
                0x1a00018a                SPIFI_IRQHandler
                0x1a00018a                QEI_IRQHandler
                0x1a00018a                ETH_IRQHandler
                0x1a00018a                CAN0_IRQHandler
                0x1a00018a                GINT0_IRQHandler
                0x1a00018a                DAC_IRQHandler
                0x1a00018a                M0SUB_IRQHandler
                0x1a00018a                GPIO0_IRQHandler
                0x1a00018a                DMA_IRQHandler
                0x1a00018a                EVRT_IRQHandler
                0x1a00018a                TIMER2_IRQHandler
                0x1a00018a                UART3_IRQHandler
                0x1a00018a                MCPWM_IRQHandler
                0x1a00018a                GPIO4_IRQHandler
                0x1a00018c                data_init
                0x1a0001aa                bss_init
                0x000002fc                . = 0x2fc
 *fill*         0x1a0001bc      0x140 ff
                0x1a0002fc                PROVIDE (__CRP_WORD_START__ = .)
 *(.crp)
 .crp           0x1a0002fc        0x4 lpc_board_ciaa_edu_4337/src/crp.o
                0x1a0002fc                CRP_WORD
                0x1a000300                PROVIDE (__CRP_WORD_END__ = .)
                0x00000001                ASSERT (! ((__CRP_WORD_START__ == __CRP_WORD_END__)), Linker CRP Enabled, but no CRP_WORD provided within application)
 *(.text*)
 .text.SysTick_Handler
                0x1a000300       0x10 app/src/main.o
                0x1a000300                SysTick_Handler
 .text.delay    0x1a000310       0x18 app/src/main.o
                0x1a000310                delay
 .text.delay_us
                0x1a000328       0x3c app/src/main.o
                0x1a000328                delay_us
 *fill*         0x1a000364        0x4 ff
 .text.main     0x1a000368      0x128 app/src/main.o
                0x1a000368                main
 .text.Chip_SetupCoreClock
                0x1a000490      0x158 lpc_chip_43xx/src/sysinit_18xx_43xx.o
                0x1a000490                Chip_SetupCoreClock
 .text.fpuInit  0x1a0005e8       0x54 lpc_chip_43xx/src/fpu_init.o
                0x1a0005e8                fpuInit
 .text.SystemCoreClockUpdate
                0x1a00063c       0x14 lpc_chip_43xx/src/chip_18xx_43xx.o
                0x1a00063c                SystemCoreClockUpdate
 .text.pll_calc_divs
                0x1a000650       0xa0 lpc_chip_43xx/src/clock_18xx_43xx.o
 .text.pll_get_frac
                0x1a0006f0      0x100 lpc_chip_43xx/src/clock_18xx_43xx.o
 .text.Chip_Clock_FindBaseClock
                0x1a0007f0       0x4c lpc_chip_43xx/src/clock_18xx_43xx.o
 .text.Chip_Clock_EnableCrystal
                0x1a00083c       0x4c lpc_chip_43xx/src/clock_18xx_43xx.o
                0x1a00083c                Chip_Clock_EnableCrystal
 .text.Chip_Clock_GetDividerSource
                0x1a000888       0x1c lpc_chip_43xx/src/clock_18xx_43xx.o
                0x1a000888                Chip_Clock_GetDividerSource
 .text.Chip_Clock_GetDividerDivisor
                0x1a0008a4       0x1c lpc_chip_43xx/src/clock_18xx_43xx.o
                0x1a0008a4                Chip_Clock_GetDividerDivisor
 .text.Chip_Clock_GetClockInputHz
                0x1a0008c0       0xb8 lpc_chip_43xx/src/clock_18xx_43xx.o
                0x1a0008c0                Chip_Clock_GetClockInputHz
 .text.Chip_Clock_CalcMainPLLValue
                0x1a000978       0x80 lpc_chip_43xx/src/clock_18xx_43xx.o
                0x1a000978                Chip_Clock_CalcMainPLLValue
 .text.Chip_Clock_GetMainPLLHz
                0x1a0009f8       0x6c lpc_chip_43xx/src/clock_18xx_43xx.o
                0x1a0009f8                Chip_Clock_GetMainPLLHz
 .text.Chip_Clock_GetDivRate
                0x1a000a64       0x22 lpc_chip_43xx/src/clock_18xx_43xx.o
 *fill*         0x1a000a86        0x2 ff
 .text.Chip_Clock_SetBaseClock
                0x1a000a88       0x58 lpc_chip_43xx/src/clock_18xx_43xx.o
                0x1a000a88                Chip_Clock_SetBaseClock
 .text.Chip_Clock_GetBaseClock
                0x1a000ae0       0x26 lpc_chip_43xx/src/clock_18xx_43xx.o
                0x1a000ae0                Chip_Clock_GetBaseClock
 .text.Chip_Clock_GetBaseClocktHz
                0x1a000b06        0xc lpc_chip_43xx/src/clock_18xx_43xx.o
                0x1a000b06                Chip_Clock_GetBaseClocktHz
 *fill*         0x1a000b12        0x2 ff
 .text.Chip_Clock_EnableOpts
                0x1a000b14       0x3c lpc_chip_43xx/src/clock_18xx_43xx.o
                0x1a000b14                Chip_Clock_EnableOpts
 .text.Chip_Clock_GetRate
                0x1a000b50       0x4c lpc_chip_43xx/src/clock_18xx_43xx.o
                0x1a000b50                Chip_Clock_GetRate
 .text.Chip_GPIO_Init
                0x1a000b9c        0x2 lpc_chip_43xx/src/gpio_18xx_43xx.o
                0x1a000b9c                Chip_GPIO_Init
 *fill*         0x1a000b9e        0x2 ff
 .text.Chip_UART_GetIndex
                0x1a000ba0       0x2c lpc_chip_43xx/src/uart_18xx_43xx.o
 .text.Chip_UART_Init
                0x1a000bcc       0x54 lpc_chip_43xx/src/uart_18xx_43xx.o
                0x1a000bcc                Chip_UART_Init
 .text.Chip_UART_SetBaudFDR
                0x1a000c20       0xdc lpc_chip_43xx/src/uart_18xx_43xx.o
                0x1a000c20                Chip_UART_SetBaudFDR
 .text.SystemInit
                0x1a000cfc        0xc lpc_board_ciaa_edu_4337/src/sysinit.o
                0x1a000cfc                SystemInit
 .text._close_r
                0x1a000d08        0xa lpc_board_ciaa_edu_4337/src/system.o
                0x1a000d08                _close_r
 .text._fstat_r
                0x1a000d12        0xa lpc_board_ciaa_edu_4337/src/system.o
                0x1a000d12                _fstat_r
 .text._isatty_r
                0x1a000d1c       0x12 lpc_board_ciaa_edu_4337/src/system.o
                0x1a000d1c                _isatty_r
 .text._lseek_r
                0x1a000d2e        0xa lpc_board_ciaa_edu_4337/src/system.o
                0x1a000d2e                _lseek_r
 .text._read_r  0x1a000d38       0x28 lpc_board_ciaa_edu_4337/src/system.o
                0x1a000d38                _read_r
 .text._sbrk_r  0x1a000d60       0x20 lpc_board_ciaa_edu_4337/src/system.o
                0x1a000d60                _sbrk_r
 .text._write_r
                0x1a000d80       0x28 lpc_board_ciaa_edu_4337/src/system.o
                0x1a000d80                _write_r
 .text.Board_SetupMuxing
                0x1a000da8       0x38 lpc_board_ciaa_edu_4337/src/board_sysinit.o
                0x1a000da8                Board_SetupMuxing
 .text.Board_SetupClocking
                0x1a000de0       0x6c lpc_board_ciaa_edu_4337/src/board_sysinit.o
                0x1a000de0                Board_SetupClocking
 .text.Board_SystemInit
                0x1a000e4c        0xc lpc_board_ciaa_edu_4337/src/board_sysinit.o
                0x1a000e4c                Board_SystemInit
 .text.ResetISR
                0x1a000e58       0x7c lpc_board_ciaa_edu_4337/src/cr_startup_lpc43xx.o
                0x1a000e58                ResetISR
 .text.Board_LED_Init
                0x1a000ed4       0x44 lpc_board_ciaa_edu_4337/src/board.o
 .text.Board_UART_Init
                0x1a000f18       0x14 lpc_board_ciaa_edu_4337/src/board.o
                0x1a000f18                Board_UART_Init
 .text.Board_Debug_Init
                0x1a000f2c       0x28 lpc_board_ciaa_edu_4337/src/board.o
                0x1a000f2c                Board_Debug_Init
 .text.Board_UARTPutChar
                0x1a000f54       0x14 lpc_board_ciaa_edu_4337/src/board.o
                0x1a000f54                Board_UARTPutChar
 .text.Board_UARTGetChar
                0x1a000f68       0x1c lpc_board_ciaa_edu_4337/src/board.o
                0x1a000f68                Board_UARTGetChar
 .text.Board_LED_Set
                0x1a000f84       0x28 lpc_board_ciaa_edu_4337/src/board.o
                0x1a000f84                Board_LED_Set
 .text.Board_Init
                0x1a000fac       0x28 lpc_board_ciaa_edu_4337/src/board.o
                0x1a000fac                Board_Init
 .text          0x1a000fd4      0x378 c:/tallerdeproyecto1/ciaa_software_1.1-win/ciaa_software_1.1-win/tools/arm-none-eabi-gcc/bin/../lib/gcc/arm-none-eabi/8.2.1/thumb/v7e-m+fp/hard\libgcc.a(_arm_addsubdf3.o)
                0x1a000fd4                __aeabi_drsub
                0x1a000fdc                __aeabi_dsub
                0x1a000fdc                __subdf3
                0x1a000fe0                __aeabi_dadd
                0x1a000fe0                __adddf3
                0x1a001258                __floatunsidf
                0x1a001258                __aeabi_ui2d
                0x1a001278                __floatsidf
                0x1a001278                __aeabi_i2d
                0x1a00129c                __aeabi_f2d
                0x1a00129c                __extendsfdf2
                0x1a0012e0                __floatundidf
                0x1a0012e0                __aeabi_ul2d
                0x1a0012f0                __floatdidf
                0x1a0012f0                __aeabi_l2d
 .text          0x1a00134c      0x424 c:/tallerdeproyecto1/ciaa_software_1.1-win/ciaa_software_1.1-win/tools/arm-none-eabi-gcc/bin/../lib/gcc/arm-none-eabi/8.2.1/thumb/v7e-m+fp/hard\libgcc.a(_arm_muldivdf3.o)
                0x1a00134c                __aeabi_dmul
                0x1a00134c                __muldf3
                0x1a0015a0                __divdf3
                0x1a0015a0                __aeabi_ddiv
 .text          0x1a001770       0xa0 c:/tallerdeproyecto1/ciaa_software_1.1-win/ciaa_software_1.1-win/tools/arm-none-eabi-gcc/bin/../lib/gcc/arm-none-eabi/8.2.1/thumb/v7e-m+fp/hard\libgcc.a(_arm_truncdfsf2.o)
                0x1a001770                __truncdfsf2
                0x1a001770                __aeabi_d2f
 .text          0x1a001810       0x30 c:/tallerdeproyecto1/ciaa_software_1.1-win/ciaa_software_1.1-win/tools/arm-none-eabi-gcc/bin/../lib/gcc/arm-none-eabi/8.2.1/thumb/v7e-m+fp/hard\libgcc.a(_aeabi_uldivmod.o)
                0x1a001810                __aeabi_uldivmod
 .text.__udivmoddi4
                0x1a001840      0x2d0 c:/tallerdeproyecto1/ciaa_software_1.1-win/ciaa_software_1.1-win/tools/arm-none-eabi-gcc/bin/../lib/gcc/arm-none-eabi/8.2.1/thumb/v7e-m+fp/hard\libgcc.a(_udivmoddi4.o)
                0x1a001840                __udivmoddi4
 .text          0x1a001b10        0x4 c:/tallerdeproyecto1/ciaa_software_1.1-win/ciaa_software_1.1-win/tools/arm-none-eabi-gcc/bin/../lib/gcc/arm-none-eabi/8.2.1/thumb/v7e-m+fp/hard\libgcc.a(_dvmd_tls.o)
                0x1a001b10                __aeabi_idiv0
                0x1a001b10                __aeabi_ldiv0
 .text.memset   0x1a001b14       0x10 c:/tallerdeproyecto1/ciaa_software_1.1-win/ciaa_software_1.1-win/tools/arm-none-eabi-gcc/bin/../lib/gcc/arm-none-eabi/8.2.1/../../../../arm-none-eabi/lib/thumb/v7e-m+fp/hard\libc_nano.a(lib_a-memset.o)
                0x1a001b14                memset
 .text.printf   0x1a001b24       0x30 c:/tallerdeproyecto1/ciaa_software_1.1-win/ciaa_software_1.1-win/tools/arm-none-eabi-gcc/bin/../lib/gcc/arm-none-eabi/8.2.1/../../../../arm-none-eabi/lib/thumb/v7e-m+fp/hard\libc_nano.a(lib_a-printf.o)
                0x1a001b24                iprintf
                0x1a001b24                printf
 .text._puts_r  0x1a001b54       0xdc c:/tallerdeproyecto1/ciaa_software_1.1-win/ciaa_software_1.1-win/tools/arm-none-eabi-gcc/bin/../lib/gcc/arm-none-eabi/8.2.1/../../../../arm-none-eabi/lib/thumb/v7e-m+fp/hard\libc_nano.a(lib_a-puts.o)
                0x1a001b54                _puts_r
 .text.puts     0x1a001c30       0x10 c:/tallerdeproyecto1/ciaa_software_1.1-win/ciaa_software_1.1-win/tools/arm-none-eabi-gcc/bin/../lib/gcc/arm-none-eabi/8.2.1/../../../../arm-none-eabi/lib/thumb/v7e-m+fp/hard\libc_nano.a(lib_a-puts.o)
                0x1a001c30                puts
 .text.__swbuf_r
                0x1a001c40       0xa4 c:/tallerdeproyecto1/ciaa_software_1.1-win/ciaa_software_1.1-win/tools/arm-none-eabi-gcc/bin/../lib/gcc/arm-none-eabi/8.2.1/../../../../arm-none-eabi/lib/thumb/v7e-m+fp/hard\libc_nano.a(lib_a-wbuf.o)
                0x1a001c40                __swbuf_r
 .text.__swsetup_r
                0x1a001ce4       0xdc c:/tallerdeproyecto1/ciaa_software_1.1-win/ciaa_software_1.1-win/tools/arm-none-eabi-gcc/bin/../lib/gcc/arm-none-eabi/8.2.1/../../../../arm-none-eabi/lib/thumb/v7e-m+fp/hard\libc_nano.a(lib_a-wsetup.o)
                0x1a001ce4                __swsetup_r
 .text.__sflush_r
                0x1a001dc0      0x10c c:/tallerdeproyecto1/ciaa_software_1.1-win/ciaa_software_1.1-win/tools/arm-none-eabi-gcc/bin/../lib/gcc/arm-none-eabi/8.2.1/../../../../arm-none-eabi/lib/thumb/v7e-m+fp/hard\libc_nano.a(lib_a-fflush.o)
                0x1a001dc0                __sflush_r
 .text._fflush_r
                0x1a001ecc       0x78 c:/tallerdeproyecto1/ciaa_software_1.1-win/ciaa_software_1.1-win/tools/arm-none-eabi-gcc/bin/../lib/gcc/arm-none-eabi/8.2.1/../../../../arm-none-eabi/lib/thumb/v7e-m+fp/hard\libc_nano.a(lib_a-fflush.o)
                0x1a001ecc                _fflush_r
 .text.std      0x1a001f44       0x48 c:/tallerdeproyecto1/ciaa_software_1.1-win/ciaa_software_1.1-win/tools/arm-none-eabi-gcc/bin/../lib/gcc/arm-none-eabi/8.2.1/../../../../arm-none-eabi/lib/thumb/v7e-m+fp/hard\libc_nano.a(lib_a-findfp.o)
 .text._cleanup_r
                0x1a001f8c        0xc c:/tallerdeproyecto1/ciaa_software_1.1-win/ciaa_software_1.1-win/tools/arm-none-eabi-gcc/bin/../lib/gcc/arm-none-eabi/8.2.1/../../../../arm-none-eabi/lib/thumb/v7e-m+fp/hard\libc_nano.a(lib_a-findfp.o)
                0x1a001f8c                _cleanup_r
 .text.__sfmoreglue
                0x1a001f98       0x2c c:/tallerdeproyecto1/ciaa_software_1.1-win/ciaa_software_1.1-win/tools/arm-none-eabi-gcc/bin/../lib/gcc/arm-none-eabi/8.2.1/../../../../arm-none-eabi/lib/thumb/v7e-m+fp/hard\libc_nano.a(lib_a-findfp.o)
                0x1a001f98                __sfmoreglue
 .text.__sfp_lock_acquire
                0x1a001fc4        0xc c:/tallerdeproyecto1/ciaa_software_1.1-win/ciaa_software_1.1-win/tools/arm-none-eabi-gcc/bin/../lib/gcc/arm-none-eabi/8.2.1/../../../../arm-none-eabi/lib/thumb/v7e-m+fp/hard\libc_nano.a(lib_a-findfp.o)
                0x1a001fc4                __sfp_lock_acquire
 .text.__sfp_lock_release
                0x1a001fd0        0xc c:/tallerdeproyecto1/ciaa_software_1.1-win/ciaa_software_1.1-win/tools/arm-none-eabi-gcc/bin/../lib/gcc/arm-none-eabi/8.2.1/../../../../arm-none-eabi/lib/thumb/v7e-m+fp/hard\libc_nano.a(lib_a-findfp.o)
                0x1a001fd0                __sfp_lock_release
 .text.__sinit_lock_acquire
                0x1a001fdc        0xc c:/tallerdeproyecto1/ciaa_software_1.1-win/ciaa_software_1.1-win/tools/arm-none-eabi-gcc/bin/../lib/gcc/arm-none-eabi/8.2.1/../../../../arm-none-eabi/lib/thumb/v7e-m+fp/hard\libc_nano.a(lib_a-findfp.o)
                0x1a001fdc                __sinit_lock_acquire
 .text.__sinit_lock_release
                0x1a001fe8        0xc c:/tallerdeproyecto1/ciaa_software_1.1-win/ciaa_software_1.1-win/tools/arm-none-eabi-gcc/bin/../lib/gcc/arm-none-eabi/8.2.1/../../../../arm-none-eabi/lib/thumb/v7e-m+fp/hard\libc_nano.a(lib_a-findfp.o)
                0x1a001fe8                __sinit_lock_release
 .text.__sinit  0x1a001ff4       0x70 c:/tallerdeproyecto1/ciaa_software_1.1-win/ciaa_software_1.1-win/tools/arm-none-eabi-gcc/bin/../lib/gcc/arm-none-eabi/8.2.1/../../../../arm-none-eabi/lib/thumb/v7e-m+fp/hard\libc_nano.a(lib_a-findfp.o)
                0x1a001ff4                __sinit
 .text.__sfp    0x1a002064       0x8c c:/tallerdeproyecto1/ciaa_software_1.1-win/ciaa_software_1.1-win/tools/arm-none-eabi-gcc/bin/../lib/gcc/arm-none-eabi/8.2.1/../../../../arm-none-eabi/lib/thumb/v7e-m+fp/hard\libc_nano.a(lib_a-findfp.o)
                0x1a002064                __sfp
 .text._fwalk_reent
                0x1a0020f0       0x3c c:/tallerdeproyecto1/ciaa_software_1.1-win/ciaa_software_1.1-win/tools/arm-none-eabi-gcc/bin/../lib/gcc/arm-none-eabi/8.2.1/../../../../arm-none-eabi/lib/thumb/v7e-m+fp/hard\libc_nano.a(lib_a-fwalk.o)
                0x1a0020f0                _fwalk_reent
 .text.__retarget_lock_init_recursive
                0x1a00212c        0x2 c:/tallerdeproyecto1/ciaa_software_1.1-win/ciaa_software_1.1-win/tools/arm-none-eabi-gcc/bin/../lib/gcc/arm-none-eabi/8.2.1/../../../../arm-none-eabi/lib/thumb/v7e-m+fp/hard\libc_nano.a(lib_a-lock.o)
                0x1a00212c                __retarget_lock_init_recursive
 .text.__retarget_lock_acquire_recursive
                0x1a00212e        0x2 c:/tallerdeproyecto1/ciaa_software_1.1-win/ciaa_software_1.1-win/tools/arm-none-eabi-gcc/bin/../lib/gcc/arm-none-eabi/8.2.1/../../../../arm-none-eabi/lib/thumb/v7e-m+fp/hard\libc_nano.a(lib_a-lock.o)
                0x1a00212e                __retarget_lock_acquire_recursive
 .text.__retarget_lock_release_recursive
                0x1a002130        0x2 c:/tallerdeproyecto1/ciaa_software_1.1-win/ciaa_software_1.1-win/tools/arm-none-eabi-gcc/bin/../lib/gcc/arm-none-eabi/8.2.1/../../../../arm-none-eabi/lib/thumb/v7e-m+fp/hard\libc_nano.a(lib_a-lock.o)
                0x1a002130                __retarget_lock_release_recursive
 .text.__swhatbuf_r
                0x1a002132       0x48 c:/tallerdeproyecto1/ciaa_software_1.1-win/ciaa_software_1.1-win/tools/arm-none-eabi-gcc/bin/../lib/gcc/arm-none-eabi/8.2.1/../../../../arm-none-eabi/lib/thumb/v7e-m+fp/hard\libc_nano.a(lib_a-makebuf.o)
                0x1a002132                __swhatbuf_r
 *fill*         0x1a00217a        0x2 ff
 .text.__smakebuf_r
                0x1a00217c       0x80 c:/tallerdeproyecto1/ciaa_software_1.1-win/ciaa_software_1.1-win/tools/arm-none-eabi-gcc/bin/../lib/gcc/arm-none-eabi/8.2.1/../../../../arm-none-eabi/lib/thumb/v7e-m+fp/hard\libc_nano.a(lib_a-makebuf.o)
                0x1a00217c                __smakebuf_r
 .text._free_r  0x1a0021fc       0x9c c:/tallerdeproyecto1/ciaa_software_1.1-win/ciaa_software_1.1-win/tools/arm-none-eabi-gcc/bin/../lib/gcc/arm-none-eabi/8.2.1/../../../../arm-none-eabi/lib/thumb/v7e-m+fp/hard\libc_nano.a(lib_a-nano-freer.o)
                0x1a0021fc                _free_r
 .text._malloc_r
                0x1a002298       0xb4 c:/tallerdeproyecto1/ciaa_software_1.1-win/ciaa_software_1.1-win/tools/arm-none-eabi-gcc/bin/../lib/gcc/arm-none-eabi/8.2.1/../../../../arm-none-eabi/lib/thumb/v7e-m+fp/hard\libc_nano.a(lib_a-nano-mallocr.o)
                0x1a002298                _malloc_r
 .text.__sfputc_r
                0x1a00234c       0x2e c:/tallerdeproyecto1/ciaa_software_1.1-win/ciaa_software_1.1-win/tools/arm-none-eabi-gcc/bin/../lib/gcc/arm-none-eabi/8.2.1/../../../../arm-none-eabi/lib/thumb/v7e-m+fp/hard\libc_nano.a(lib_a-nano-vfprintf.o)
 .text.__sfputs_r
                0x1a00237a       0x24 c:/tallerdeproyecto1/ciaa_software_1.1-win/ciaa_software_1.1-win/tools/arm-none-eabi-gcc/bin/../lib/gcc/arm-none-eabi/8.2.1/../../../../arm-none-eabi/lib/thumb/v7e-m+fp/hard\libc_nano.a(lib_a-nano-vfprintf.o)
                0x1a00237a                __sfputs_r
 *fill*         0x1a00239e        0x2 ff
 .text._vfprintf_r
                0x1a0023a0      0x250 c:/tallerdeproyecto1/ciaa_software_1.1-win/ciaa_software_1.1-win/tools/arm-none-eabi-gcc/bin/../lib/gcc/arm-none-eabi/8.2.1/../../../../arm-none-eabi/lib/thumb/v7e-m+fp/hard\libc_nano.a(lib_a-nano-vfprintf.o)
                0x1a0023a0                _vfprintf_r
                0x1a0023a0                _vfiprintf_r
 .text._printf_common
                0x1a0025f0       0xea c:/tallerdeproyecto1/ciaa_software_1.1-win/ciaa_software_1.1-win/tools/arm-none-eabi-gcc/bin/../lib/gcc/arm-none-eabi/8.2.1/../../../../arm-none-eabi/lib/thumb/v7e-m+fp/hard\libc_nano.a(lib_a-nano-vfprintf_i.o)
                0x1a0025f0                _printf_common
 *fill*         0x1a0026da        0x2 ff
 .text._printf_i
                0x1a0026dc      0x228 c:/tallerdeproyecto1/ciaa_software_1.1-win/ciaa_software_1.1-win/tools/arm-none-eabi-gcc/bin/../lib/gcc/arm-none-eabi/8.2.1/../../../../arm-none-eabi/lib/thumb/v7e-m+fp/hard\libc_nano.a(lib_a-nano-vfprintf_i.o)
                0x1a0026dc                _printf_i
 .text.__sread  0x1a002904       0x22 c:/tallerdeproyecto1/ciaa_software_1.1-win/ciaa_software_1.1-win/tools/arm-none-eabi-gcc/bin/../lib/gcc/arm-none-eabi/8.2.1/../../../../arm-none-eabi/lib/thumb/v7e-m+fp/hard\libc_nano.a(lib_a-stdio.o)
                0x1a002904                __sread
 .text.__swrite
                0x1a002926       0x38 c:/tallerdeproyecto1/ciaa_software_1.1-win/ciaa_software_1.1-win/tools/arm-none-eabi-gcc/bin/../lib/gcc/arm-none-eabi/8.2.1/../../../../arm-none-eabi/lib/thumb/v7e-m+fp/hard\libc_nano.a(lib_a-stdio.o)
                0x1a002926                __swrite
 .text.__sseek  0x1a00295e       0x24 c:/tallerdeproyecto1/ciaa_software_1.1-win/ciaa_software_1.1-win/tools/arm-none-eabi-gcc/bin/../lib/gcc/arm-none-eabi/8.2.1/../../../../arm-none-eabi/lib/thumb/v7e-m+fp/hard\libc_nano.a(lib_a-stdio.o)
                0x1a00295e                __sseek
 .text.__sclose
                0x1a002982        0x8 c:/tallerdeproyecto1/ciaa_software_1.1-win/ciaa_software_1.1-win/tools/arm-none-eabi-gcc/bin/../lib/gcc/arm-none-eabi/8.2.1/../../../../arm-none-eabi/lib/thumb/v7e-m+fp/hard\libc_nano.a(lib_a-stdio.o)
                0x1a002982                __sclose
 *fill*         0x1a00298a        0x6 ff
 .text          0x1a002990       0xa0 c:/tallerdeproyecto1/ciaa_software_1.1-win/ciaa_software_1.1-win/tools/arm-none-eabi-gcc/bin/../lib/gcc/arm-none-eabi/8.2.1/../../../../arm-none-eabi/lib/thumb/v7e-m+fp/hard\libc_nano.a(lib_a-memchr.o)
                0x1a002990                memchr
 .text.__malloc_lock
                0x1a002a30        0xc c:/tallerdeproyecto1/ciaa_software_1.1-win/ciaa_software_1.1-win/tools/arm-none-eabi-gcc/bin/../lib/gcc/arm-none-eabi/8.2.1/../../../../arm-none-eabi/lib/thumb/v7e-m+fp/hard\libc_nano.a(lib_a-mlock.o)
                0x1a002a30                __malloc_lock
 .text.__malloc_unlock
                0x1a002a3c        0xc c:/tallerdeproyecto1/ciaa_software_1.1-win/ciaa_software_1.1-win/tools/arm-none-eabi-gcc/bin/../lib/gcc/arm-none-eabi/8.2.1/../../../../arm-none-eabi/lib/thumb/v7e-m+fp/hard\libc_nano.a(lib_a-mlock.o)
                0x1a002a3c                __malloc_unlock
 *(.rodata .rodata.* .constdata .constdata.*)
 .rodata.main.str1.4
                0x1a002a48       0x35 app/src/main.o
 *fill*         0x1a002a7d        0x3 ff
 .rodata.InitClkStates
                0x1a002a80       0x48 lpc_chip_43xx/src/sysinit_18xx_43xx.o
 .rodata        0x1a002ac8        0x4 lpc_chip_43xx/src/clock_18xx_43xx.o
 .rodata.Chip_Clock_SetDivider.str1.4
                0x1a002acc        0x8 lpc_chip_43xx/src/clock_18xx_43xx.o
                                  0x6 (size before relaxing)
 .rodata.periph_to_base
                0x1a002ad4       0x6c lpc_chip_43xx/src/clock_18xx_43xx.o
 .rodata.UART_BClock
                0x1a002b40        0x8 lpc_chip_43xx/src/uart_18xx_43xx.o
 .rodata.UART_PClock
                0x1a002b48        0x8 lpc_chip_43xx/src/uart_18xx_43xx.o
 .rodata.InitClkStates
                0x1a002b50        0xc lpc_board_ciaa_edu_4337/src/board_sysinit.o
 .rodata.pinmuxing
                0x1a002b5c       0x60 lpc_board_ciaa_edu_4337/src/board_sysinit.o
 .rodata.ExtRateIn
                0x1a002bbc        0x4 lpc_board_ciaa_edu_4337/src/board.o
                0x1a002bbc                ExtRateIn
 .rodata.OscRateIn
                0x1a002bc0        0x4 lpc_board_ciaa_edu_4337/src/board.o
                0x1a002bc0                OscRateIn
 .rodata.gpioLEDBits
                0x1a002bc4        0xc lpc_board_ciaa_edu_4337/src/board.o
 .rodata.__sf_fake_stderr
                0x1a002bd0       0x20 c:/tallerdeproyecto1/ciaa_software_1.1-win/ciaa_software_1.1-win/tools/arm-none-eabi-gcc/bin/../lib/gcc/arm-none-eabi/8.2.1/../../../../arm-none-eabi/lib/thumb/v7e-m+fp/hard\libc_nano.a(lib_a-findfp.o)
                0x1a002bd0                __sf_fake_stderr
 .rodata.__sf_fake_stdin
                0x1a002bf0       0x20 c:/tallerdeproyecto1/ciaa_software_1.1-win/ciaa_software_1.1-win/tools/arm-none-eabi-gcc/bin/../lib/gcc/arm-none-eabi/8.2.1/../../../../arm-none-eabi/lib/thumb/v7e-m+fp/hard\libc_nano.a(lib_a-findfp.o)
                0x1a002bf0                __sf_fake_stdin
 .rodata.__sf_fake_stdout
                0x1a002c10       0x20 c:/tallerdeproyecto1/ciaa_software_1.1-win/ciaa_software_1.1-win/tools/arm-none-eabi-gcc/bin/../lib/gcc/arm-none-eabi/8.2.1/../../../../arm-none-eabi/lib/thumb/v7e-m+fp/hard\libc_nano.a(lib_a-findfp.o)
                0x1a002c10                __sf_fake_stdout
 .rodata._global_impure_ptr
                0x1a002c30        0x4 c:/tallerdeproyecto1/ciaa_software_1.1-win/ciaa_software_1.1-win/tools/arm-none-eabi-gcc/bin/../lib/gcc/arm-none-eabi/8.2.1/../../../../arm-none-eabi/lib/thumb/v7e-m+fp/hard\libc_nano.a(lib_a-impure.o)
                0x1a002c30                _global_impure_ptr
 .rodata._vfprintf_r.str1.1
                0x1a002c34       0x11 c:/tallerdeproyecto1/ciaa_software_1.1-win/ciaa_software_1.1-win/tools/arm-none-eabi-gcc/bin/../lib/gcc/arm-none-eabi/8.2.1/../../../../arm-none-eabi/lib/thumb/v7e-m+fp/hard\libc_nano.a(lib_a-nano-vfprintf.o)
 .rodata._printf_i.str1.1
                0x1a002c45       0x22 c:/tallerdeproyecto1/ciaa_software_1.1-win/ciaa_software_1.1-win/tools/arm-none-eabi-gcc/bin/../lib/gcc/arm-none-eabi/8.2.1/../../../../arm-none-eabi/lib/thumb/v7e-m+fp/hard\libc_nano.a(lib_a-nano-vfprintf_i.o)
                0x1a002c68                . = ALIGN (0x4)
 *fill*         0x1a002c67        0x1 ff

.glue_7         0x1a002c68        0x0
 .glue_7        0x1a002c68        0x0 linker stubs

.glue_7t        0x1a002c68        0x0
 .glue_7t       0x1a002c68        0x0 linker stubs

.vfp11_veneer   0x1a002c68        0x0
 .vfp11_veneer  0x1a002c68        0x0 linker stubs

.v4_bx          0x1a002c68        0x0
 .v4_bx         0x1a002c68        0x0 linker stubs

.iplt           0x1a002c68        0x0
 .iplt          0x1a002c68        0x0 app/src/main.o

.ARM.extab
 *(.ARM.extab* .gnu.linkonce.armextab.*)
                0x1a002c68                __exidx_start = .

.ARM.exidx      0x1a002c68        0x8
 *(.ARM.exidx* .gnu.linkonce.armexidx.*)
 .ARM.exidx.text.__udivmoddi4
                0x1a002c68        0x8 c:/tallerdeproyecto1/ciaa_software_1.1-win/ciaa_software_1.1-win/tools/arm-none-eabi-gcc/bin/../lib/gcc/arm-none-eabi/8.2.1/thumb/v7e-m+fp/hard\libgcc.a(_udivmoddi4.o)
                0x1a002c70                __exidx_end = .
                0x1a002c70                _etext = .

.rel.dyn        0x1a002c70        0x0
 .rel.iplt      0x1a002c70        0x0 app/src/main.o

.data_RAM2      0x10080000        0x0 load address 0x1a002c70
 FILL mask 0xff
 *(.ramfunc.$RAM2)
 *(.ramfunc.$RamLoc40)
 *(.data.$RAM2*)
 *(.data.$RamLoc40*)
                0x10080000                . = ALIGN (0x4)

.data_RAM3      0x20000000        0x0 load address 0x1a002c70
 FILL mask 0xff
 *(.ramfunc.$RAM3)
 *(.ramfunc.$RamAHB32)
 *(.data.$RAM3*)
 *(.data.$RamAHB32*)
                0x20000000                . = ALIGN (0x4)

.data_RAM4      0x20008000        0x0 load address 0x1a002c70
 FILL mask 0xff
 *(.ramfunc.$RAM4)
 *(.ramfunc.$RamAHB16)
 *(.data.$RAM4*)
 *(.data.$RamAHB16*)
                0x20008000                . = ALIGN (0x4)

.data_RAM5      0x2000c000        0x0 load address 0x1a002c70
 FILL mask 0xff
 *(.ramfunc.$RAM5)
 *(.ramfunc.$RamAHB_ETB16)
 *(.data.$RAM5*)
 *(.data.$RamAHB_ETB16*)
                0x2000c000                . = ALIGN (0x4)

.uninit_RESERVED
                0x10000000        0x0
 *(.bss.$RESERVED*)
                0x10000000                . = ALIGN (0x4)
                0x10000000                _end_uninit_RESERVED = .

.data           0x10000000       0x64 load address 0x1a002c70
 FILL mask 0xff
                0x10000000                _data = .
 *(vtable)
 *(.ramfunc*)
 *(.data*)
 .data._impure_ptr
                0x10000000        0x4 c:/tallerdeproyecto1/ciaa_software_1.1-win/ciaa_software_1.1-win/tools/arm-none-eabi-gcc/bin/../lib/gcc/arm-none-eabi/8.2.1/../../../../arm-none-eabi/lib/thumb/v7e-m+fp/hard\libc_nano.a(lib_a-impure.o)
                0x10000000                _impure_ptr
 .data.impure_data
                0x10000004       0x60 c:/tallerdeproyecto1/ciaa_software_1.1-win/ciaa_software_1.1-win/tools/arm-none-eabi-gcc/bin/../lib/gcc/arm-none-eabi/8.2.1/../../../../arm-none-eabi/lib/thumb/v7e-m+fp/hard\libc_nano.a(lib_a-impure.o)
                0x10000064                . = ALIGN (0x4)
                0x10000064                _edata = .

.igot.plt       0x10000064        0x0 load address 0x1a002cd4
 .igot.plt      0x10000064        0x0 app/src/main.o

.bss_RAM2       0x10080000        0x0
 *(.bss.$RAM2*)
 *(.bss.$RamLoc40*)
                0x10080000                . = ALIGN (0x4)

.bss_RAM3       0x20000000        0x0
 *(.bss.$RAM3*)
 *(.bss.$RamAHB32*)
                0x20000000                . = ALIGN (0x4)

.bss_RAM4       0x20008000        0x0
 *(.bss.$RAM4*)
 *(.bss.$RamAHB16*)
                0x20008000                . = ALIGN (0x4)

.bss_RAM5       0x2000c000        0x0
 *(.bss.$RAM5*)
 *(.bss.$RamAHB_ETB16*)
                0x2000c000                . = ALIGN (0x4)

.bss            0x10000064       0x28
                0x10000064                _bss = .
 *(.bss*)
 .bss.tick_ct   0x10000064        0x4 app/src/main.o
 .bss.audio_usb_pll_freq
                0x10000068        0x8 lpc_chip_43xx/src/clock_18xx_43xx.o
 .bss.heap_end.11990
                0x10000070        0x4 lpc_board_ciaa_edu_4337/src/system.o
 .bss.__malloc_free_list
                0x10000074        0x4 c:/tallerdeproyecto1/ciaa_software_1.1-win/ciaa_software_1.1-win/tools/arm-none-eabi-gcc/bin/../lib/gcc/arm-none-eabi/8.2.1/../../../../arm-none-eabi/lib/thumb/v7e-m+fp/hard\libc_nano.a(lib_a-nano-mallocr.o)
                0x10000074                __malloc_free_list
 .bss.__malloc_sbrk_start
                0x10000078        0x4 c:/tallerdeproyecto1/ciaa_software_1.1-win/ciaa_software_1.1-win/tools/arm-none-eabi-gcc/bin/../lib/gcc/arm-none-eabi/8.2.1/../../../../arm-none-eabi/lib/thumb/v7e-m+fp/hard\libc_nano.a(lib_a-nano-mallocr.o)
                0x10000078                __malloc_sbrk_start
 *(COMMON)
 COMMON         0x1000007c        0x4 lpc_chip_43xx/src/chip_18xx_43xx.o
                0x1000007c                SystemCoreClock
 COMMON         0x10000080        0x9 c:/tallerdeproyecto1/ciaa_software_1.1-win/ciaa_software_1.1-win/tools/arm-none-eabi-gcc/bin/../lib/gcc/arm-none-eabi/8.2.1/../../../../arm-none-eabi/lib/thumb/v7e-m+fp/hard\libc_nano.a(lib_a-lock.o)
                0x10000080                __lock___atexit_recursive_mutex
                0x10000081                __lock___arc4random_mutex
                0x10000082                __lock___env_recursive_mutex
                0x10000083                __lock___sinit_recursive_mutex
                0x10000084                __lock___malloc_recursive_mutex
                0x10000085                __lock___at_quick_exit_mutex
                0x10000086                __lock___dd_hash_mutex
                0x10000087                __lock___tz_mutex
                0x10000088                __lock___sfp_recursive_mutex
                0x1000008c                . = ALIGN (0x4)
 *fill*         0x10000089        0x3 
                0x1000008c                _ebss = .
                [!provide]                PROVIDE (end = .)

.noinit_RAM2    0x10080000        0x0
 *(.noinit.$RAM2*)
 *(.noinit.$RamLoc40*)
                0x10080000                . = ALIGN (0x4)

.noinit_RAM3    0x20000000        0x0
 *(.noinit.$RAM3*)
 *(.noinit.$RamAHB32*)
                0x20000000                . = ALIGN (0x4)

.noinit_RAM4    0x20008000        0x0
 *(.noinit.$RAM4*)
 *(.noinit.$RamAHB16*)
                0x20008000                . = ALIGN (0x4)

.noinit_RAM5    0x2000c000        0x0
 *(.noinit.$RAM5*)
 *(.noinit.$RamAHB_ETB16*)
                0x2000c000                . = ALIGN (0x4)

.noinit         0x1000008c        0x0
                0x1000008c                _noinit = .
 *(.noinit*)
                0x1000008c                . = ALIGN (0x4)
                0x1000008c                _end_noinit = .
                0x1000008c                PROVIDE (_pvHeapStart = .)
                0x10008000                PROVIDE (_vStackTop = (__top_RamLoc32 - 0x0))
OUTPUT(blinking.elf elf32-littlearm)

.debug_info     0x00000000     0xc837
 .debug_info    0x00000000     0x1b9d app/src/main.o
 .debug_info    0x00001b9d      0xb94 lpc_chip_43xx/src/sysinit_18xx_43xx.o
 .debug_info    0x00002731      0x156 lpc_chip_43xx/src/fpu_init.o
 .debug_info    0x00002887      0xc97 lpc_chip_43xx/src/chip_18xx_43xx.o
 .debug_info    0x0000351e     0x1b68 lpc_chip_43xx/src/clock_18xx_43xx.o
 .debug_info    0x00005086      0x568 lpc_chip_43xx/src/gpio_18xx_43xx.o
 .debug_info    0x000055ee     0x1981 lpc_chip_43xx/src/uart_18xx_43xx.o
 .debug_info    0x00006f6f      0x9e3 lpc_board_ciaa_edu_4337/src/sysinit.o
 .debug_info    0x00007952     0x1138 lpc_board_ciaa_edu_4337/src/system.o
 .debug_info    0x00008a8a       0x40 lpc_board_ciaa_edu_4337/src/crp.o
 .debug_info    0x00008aca     0x15bc lpc_board_ciaa_edu_4337/src/board_sysinit.o
 .debug_info    0x0000a086      0x33f lpc_board_ciaa_edu_4337/src/cr_startup_lpc43xx.o
 .debug_info    0x0000a3c5     0x2472 lpc_board_ciaa_edu_4337/src/board.o

.debug_abbrev   0x00000000     0x2137
 .debug_abbrev  0x00000000      0x460 app/src/main.o
 .debug_abbrev  0x00000460      0x250 lpc_chip_43xx/src/sysinit_18xx_43xx.o
 .debug_abbrev  0x000006b0       0xb1 lpc_chip_43xx/src/fpu_init.o
 .debug_abbrev  0x00000761      0x1ee lpc_chip_43xx/src/chip_18xx_43xx.o
 .debug_abbrev  0x0000094f      0x3ef lpc_chip_43xx/src/clock_18xx_43xx.o
 .debug_abbrev  0x00000d3e      0x1af lpc_chip_43xx/src/gpio_18xx_43xx.o
 .debug_abbrev  0x00000eed      0x42c lpc_chip_43xx/src/uart_18xx_43xx.o
 .debug_abbrev  0x00001319      0x20a lpc_board_ciaa_edu_4337/src/sysinit.o
 .debug_abbrev  0x00001523      0x301 lpc_board_ciaa_edu_4337/src/system.o
 .debug_abbrev  0x00001824       0x38 lpc_board_ciaa_edu_4337/src/crp.o
 .debug_abbrev  0x0000185c      0x356 lpc_board_ciaa_edu_4337/src/board_sysinit.o
 .debug_abbrev  0x00001bb2      0x130 lpc_board_ciaa_edu_4337/src/cr_startup_lpc43xx.o
 .debug_abbrev  0x00001ce2      0x455 lpc_board_ciaa_edu_4337/src/board.o

.debug_loc      0x00000000     0x3d0c
 .debug_loc     0x00000000      0x38f app/src/main.o
 .debug_loc     0x0000038f      0x15a lpc_chip_43xx/src/sysinit_18xx_43xx.o
 .debug_loc     0x000004e9       0x31 lpc_chip_43xx/src/fpu_init.o
 .debug_loc     0x0000051a     0x1505 lpc_chip_43xx/src/clock_18xx_43xx.o
 .debug_loc     0x00001a1f      0x39e lpc_chip_43xx/src/gpio_18xx_43xx.o
 .debug_loc     0x00001dbd      0xf38 lpc_chip_43xx/src/uart_18xx_43xx.o
 .debug_loc     0x00002cf5      0x60b lpc_board_ciaa_edu_4337/src/system.o
 .debug_loc     0x00003300       0xd9 lpc_board_ciaa_edu_4337/src/board_sysinit.o
 .debug_loc     0x000033d9      0x282 lpc_board_ciaa_edu_4337/src/cr_startup_lpc43xx.o
 .debug_loc     0x0000365b      0x6b1 lpc_board_ciaa_edu_4337/src/board.o

.debug_aranges  0x00000000      0x520
 .debug_aranges
                0x00000000       0x38 app/src/main.o
 .debug_aranges
                0x00000038       0x38 lpc_chip_43xx/src/sysinit_18xx_43xx.o
 .debug_aranges
                0x00000070       0x20 lpc_chip_43xx/src/fpu_init.o
 .debug_aranges
                0x00000090       0x38 lpc_chip_43xx/src/chip_18xx_43xx.o
 .debug_aranges
                0x000000c8      0x128 lpc_chip_43xx/src/clock_18xx_43xx.o
 .debug_aranges
                0x000001f0       0x48 lpc_chip_43xx/src/gpio_18xx_43xx.o
 .debug_aranges
                0x00000238       0xa8 lpc_chip_43xx/src/uart_18xx_43xx.o
 .debug_aranges
                0x000002e0       0x20 lpc_board_ciaa_edu_4337/src/sysinit.o
 .debug_aranges
                0x00000300       0xc8 lpc_board_ciaa_edu_4337/src/system.o
 .debug_aranges
                0x000003c8       0x18 lpc_board_ciaa_edu_4337/src/crp.o
 .debug_aranges
                0x000003e0       0x30 lpc_board_ciaa_edu_4337/src/board_sysinit.o
 .debug_aranges
                0x00000410       0x80 lpc_board_ciaa_edu_4337/src/cr_startup_lpc43xx.o
 .debug_aranges
                0x00000490       0x90 lpc_board_ciaa_edu_4337/src/board.o

.debug_ranges   0x00000000      0x510
 .debug_ranges  0x00000000       0x40 app/src/main.o
 .debug_ranges  0x00000040       0x28 lpc_chip_43xx/src/sysinit_18xx_43xx.o
 .debug_ranges  0x00000068       0x10 lpc_chip_43xx/src/fpu_init.o
 .debug_ranges  0x00000078       0x28 lpc_chip_43xx/src/chip_18xx_43xx.o
 .debug_ranges  0x000000a0      0x198 lpc_chip_43xx/src/clock_18xx_43xx.o
 .debug_ranges  0x00000238       0x38 lpc_chip_43xx/src/gpio_18xx_43xx.o
 .debug_ranges  0x00000270       0xb0 lpc_chip_43xx/src/uart_18xx_43xx.o
 .debug_ranges  0x00000320       0x10 lpc_board_ciaa_edu_4337/src/sysinit.o
 .debug_ranges  0x00000330       0xb8 lpc_board_ciaa_edu_4337/src/system.o
 .debug_ranges  0x000003e8       0x38 lpc_board_ciaa_edu_4337/src/board_sysinit.o
 .debug_ranges  0x00000420       0x70 lpc_board_ciaa_edu_4337/src/cr_startup_lpc43xx.o
 .debug_ranges  0x00000490       0x80 lpc_board_ciaa_edu_4337/src/board.o

.debug_macro    0x00000000     0x7cab
 .debug_macro   0x00000000      0x49d app/src/main.o
 .debug_macro   0x0000049d      0xa9c app/src/main.o
 .debug_macro   0x00000f39       0x10 app/src/main.o
 .debug_macro   0x00000f49       0x22 app/src/main.o
 .debug_macro   0x00000f6b       0x8e app/src/main.o
 .debug_macro   0x00000ff9       0x51 app/src/main.o
 .debug_macro   0x0000104a       0xef app/src/main.o
 .debug_macro   0x00001139       0x6a app/src/main.o
 .debug_macro   0x000011a3      0x1df app/src/main.o
 .debug_macro   0x00001382       0x22 app/src/main.o
 .debug_macro   0x000013a4       0x66 app/src/main.o
 .debug_macro   0x0000140a       0x28 app/src/main.o
 .debug_macro   0x00001432       0x3b app/src/main.o
 .debug_macro   0x0000146d       0x2d app/src/main.o
 .debug_macro   0x0000149a       0x42 app/src/main.o
 .debug_macro   0x000014dc      0xd39 app/src/main.o
 .debug_macro   0x00002215      0x2bc app/src/main.o
 .debug_macro   0x000024d1      0x112 app/src/main.o
 .debug_macro   0x000025e3       0x11 app/src/main.o
 .debug_macro   0x000025f4       0x2a app/src/main.o
 .debug_macro   0x0000261e       0x16 app/src/main.o
 .debug_macro   0x00002634      0x2e6 app/src/main.o
 .debug_macro   0x0000291a       0x82 app/src/main.o
 .debug_macro   0x0000299c      0x13d app/src/main.o
 .debug_macro   0x00002ad9      0x198 app/src/main.o
 .debug_macro   0x00002c71       0x34 app/src/main.o
 .debug_macro   0x00002ca5       0x58 app/src/main.o
 .debug_macro   0x00002cfd      0x236 app/src/main.o
 .debug_macro   0x00002f33      0x572 app/src/main.o
 .debug_macro   0x000034a5       0x16 app/src/main.o
 .debug_macro   0x000034bb      0x18a app/src/main.o
 .debug_macro   0x00003645       0x88 app/src/main.o
 .debug_macro   0x000036cd      0x1b9 app/src/main.o
 .debug_macro   0x00003886      0x1da app/src/main.o
 .debug_macro   0x00003a60       0x40 app/src/main.o
 .debug_macro   0x00003aa0       0x1c app/src/main.o
 .debug_macro   0x00003abc       0x2e app/src/main.o
 .debug_macro   0x00003aea       0x2e app/src/main.o
 .debug_macro   0x00003b18       0x22 app/src/main.o
 .debug_macro   0x00003b3a      0x201 app/src/main.o
 .debug_macro   0x00003d3b       0xe0 app/src/main.o
 .debug_macro   0x00003e1b      0x34c app/src/main.o
 .debug_macro   0x00004167       0xdc app/src/main.o
 .debug_macro   0x00004243       0xc4 app/src/main.o
 .debug_macro   0x00004307       0x94 app/src/main.o
 .debug_macro   0x0000439b       0xb8 app/src/main.o
 .debug_macro   0x00004453       0x4c app/src/main.o
 .debug_macro   0x0000449f       0x16 app/src/main.o
 .debug_macro   0x000044b5      0x328 app/src/main.o
 .debug_macro   0x000047dd       0x3a app/src/main.o
 .debug_macro   0x00004817       0xd0 app/src/main.o
 .debug_macro   0x000048e7       0x18 app/src/main.o
 .debug_macro   0x000048ff       0x22 app/src/main.o
 .debug_macro   0x00004921       0x40 app/src/main.o
 .debug_macro   0x00004961       0x46 app/src/main.o
 .debug_macro   0x000049a7       0x64 app/src/main.o
 .debug_macro   0x00004a0b       0x18 app/src/main.o
 .debug_macro   0x00004a23       0x35 app/src/main.o
 .debug_macro   0x00004a58       0x34 app/src/main.o
 .debug_macro   0x00004a8c       0x16 app/src/main.o
 .debug_macro   0x00004aa2       0x97 app/src/main.o
 .debug_macro   0x00004b39      0x339 app/src/main.o
 .debug_macro   0x00004e72       0xfd app/src/main.o
 .debug_macro   0x00004f6f       0x10 app/src/main.o
 .debug_macro   0x00004f7f       0x58 app/src/main.o
 .debug_macro   0x00004fd7       0x1f app/src/main.o
 .debug_macro   0x00004ff6       0x43 app/src/main.o
 .debug_macro   0x00005039       0x20 app/src/main.o
 .debug_macro   0x00005059      0x18e app/src/main.o
 .debug_macro   0x000051e7       0x10 app/src/main.o
 .debug_macro   0x000051f7       0x1c app/src/main.o
 .debug_macro   0x00005213       0x52 app/src/main.o
 .debug_macro   0x00005265       0x40 app/src/main.o
 .debug_macro   0x000052a5       0x10 app/src/main.o
 .debug_macro   0x000052b5       0x40 app/src/main.o
 .debug_macro   0x000052f5       0xd7 app/src/main.o
 .debug_macro   0x000053cc       0x1c app/src/main.o
 .debug_macro   0x000053e8       0x3d app/src/main.o
 .debug_macro   0x00005425       0x16 app/src/main.o
 .debug_macro   0x0000543b      0x16f app/src/main.o
 .debug_macro   0x000055aa       0x20 app/src/main.o
 .debug_macro   0x000055ca      0x301 lpc_chip_43xx/src/sysinit_18xx_43xx.o
 .debug_macro   0x000058cb       0xe7 lpc_chip_43xx/src/fpu_init.o
 .debug_macro   0x000059b2      0x301 lpc_chip_43xx/src/chip_18xx_43xx.o
 .debug_macro   0x00005cb3      0x307 lpc_chip_43xx/src/clock_18xx_43xx.o
 .debug_macro   0x00005fba      0x301 lpc_chip_43xx/src/gpio_18xx_43xx.o
 .debug_macro   0x000062bb      0x301 lpc_chip_43xx/src/uart_18xx_43xx.o
 .debug_macro   0x000065bc      0x47f lpc_board_ciaa_edu_4337/src/sysinit.o
 .debug_macro   0x00006a3b      0x4c0 lpc_board_ciaa_edu_4337/src/system.o
 .debug_macro   0x00006efb       0x10 lpc_board_ciaa_edu_4337/src/system.o
 .debug_macro   0x00006f0b       0x10 lpc_board_ciaa_edu_4337/src/system.o
 .debug_macro   0x00006f1b      0x241 lpc_board_ciaa_edu_4337/src/system.o
 .debug_macro   0x0000715c      0x183 lpc_board_ciaa_edu_4337/src/system.o
 .debug_macro   0x000072df       0x16 lpc_board_ciaa_edu_4337/src/system.o
 .debug_macro   0x000072f5       0x11 lpc_board_ciaa_edu_4337/src/system.o
 .debug_macro   0x00007306       0x1c lpc_board_ciaa_edu_4337/src/system.o
 .debug_macro   0x00007322       0x10 lpc_board_ciaa_edu_4337/src/system.o
 .debug_macro   0x00007332       0x17 lpc_board_ciaa_edu_4337/src/crp.o
 .debug_macro   0x00007349      0x47f lpc_board_ciaa_edu_4337/src/board_sysinit.o
 .debug_macro   0x000077c8       0x1d lpc_board_ciaa_edu_4337/src/cr_startup_lpc43xx.o
 .debug_macro   0x000077e5      0x4b0 lpc_board_ciaa_edu_4337/src/board.o
 .debug_macro   0x00007c95       0x16 lpc_board_ciaa_edu_4337/src/board.o

.debug_line     0x00000000     0x7977
 .debug_line    0x00000000      0xabb app/src/main.o
 .debug_line    0x00000abb      0x977 lpc_chip_43xx/src/sysinit_18xx_43xx.o
 .debug_line    0x00001432      0x392 lpc_chip_43xx/src/fpu_init.o
 .debug_line    0x000017c4      0x7d5 lpc_chip_43xx/src/chip_18xx_43xx.o
 .debug_line    0x00001f99     0x146d lpc_chip_43xx/src/clock_18xx_43xx.o
 .debug_line    0x00003406      0x86f lpc_chip_43xx/src/gpio_18xx_43xx.o
 .debug_line    0x00003c75      0xf07 lpc_chip_43xx/src/uart_18xx_43xx.o
 .debug_line    0x00004b7c      0x8a5 lpc_board_ciaa_edu_4337/src/sysinit.o
 .debug_line    0x00005421      0xbef lpc_board_ciaa_edu_4337/src/system.o
 .debug_line    0x00006010       0x42 lpc_board_ciaa_edu_4337/src/crp.o
 .debug_line    0x00006052      0x987 lpc_board_ciaa_edu_4337/src/board_sysinit.o
 .debug_line    0x000069d9      0x24b lpc_board_ciaa_edu_4337/src/cr_startup_lpc43xx.o
 .debug_line    0x00006c24      0xd53 lpc_board_ciaa_edu_4337/src/board.o

.debug_str      0x00000000    0x1c264
 .debug_str     0x00000000    0x1a08e app/src/main.o
                              0x1a38c (size before relaxing)
 .debug_str     0x0001a08e      0x33f lpc_chip_43xx/src/sysinit_18xx_43xx.o
                              0x15e11 (size before relaxing)
 .debug_str     0x0001a3cd       0xc0 lpc_chip_43xx/src/fpu_init.o
                               0x9970 (size before relaxing)
 .debug_str     0x0001a48d      0x212 lpc_chip_43xx/src/chip_18xx_43xx.o
                              0x15eb3 (size before relaxing)
 .debug_str     0x0001a69f      0x422 lpc_chip_43xx/src/clock_18xx_43xx.o
                              0x16386 (size before relaxing)
 .debug_str     0x0001aac1       0xf7 lpc_chip_43xx/src/gpio_18xx_43xx.o
                              0x15201 (size before relaxing)
 .debug_str     0x0001abb8      0x470 lpc_chip_43xx/src/uart_18xx_43xx.o
                              0x15fc3 (size before relaxing)
 .debug_str     0x0001b028       0x41 lpc_board_ciaa_edu_4337/src/sysinit.o
                              0x1936f (size before relaxing)
 .debug_str     0x0001b069      0x9f3 lpc_board_ciaa_edu_4337/src/system.o
                              0x19d23 (size before relaxing)
 .debug_str     0x0001ba5c       0x41 lpc_board_ciaa_edu_4337/src/crp.o
                               0x2e10 (size before relaxing)
 .debug_str     0x0001ba9d       0xc9 lpc_board_ciaa_edu_4337/src/board_sysinit.o
                              0x1a148 (size before relaxing)
 .debug_str     0x0001bb66      0x1f7 lpc_board_ciaa_edu_4337/src/cr_startup_lpc43xx.o
                               0x2ff1 (size before relaxing)
 .debug_str     0x0001bd5d      0x507 lpc_board_ciaa_edu_4337/src/board.o
                              0x1a5a7 (size before relaxing)

.comment        0x00000000       0x68
 .comment       0x00000000       0x68 app/src/main.o
                                 0x69 (size before relaxing)
 .comment       0x00000068       0x69 lpc_chip_43xx/src/sysinit_18xx_43xx.o
 .comment       0x00000068       0x69 lpc_chip_43xx/src/fpu_init.o
 .comment       0x00000068       0x69 lpc_chip_43xx/src/chip_18xx_43xx.o
 .comment       0x00000068       0x69 lpc_chip_43xx/src/clock_18xx_43xx.o
 .comment       0x00000068       0x69 lpc_chip_43xx/src/gpio_18xx_43xx.o
 .comment       0x00000068       0x69 lpc_chip_43xx/src/uart_18xx_43xx.o
 .comment       0x00000068       0x69 lpc_board_ciaa_edu_4337/src/sysinit.o
 .comment       0x00000068       0x69 lpc_board_ciaa_edu_4337/src/system.o
 .comment       0x00000068       0x69 lpc_board_ciaa_edu_4337/src/crp.o
 .comment       0x00000068       0x69 lpc_board_ciaa_edu_4337/src/board_sysinit.o
 .comment       0x00000068       0x69 lpc_board_ciaa_edu_4337/src/cr_startup_lpc43xx.o
 .comment       0x00000068       0x69 lpc_board_ciaa_edu_4337/src/board.o

.ARM.attributes
                0x00000000       0x32
 .ARM.attributes
                0x00000000       0x34 app/src/main.o
 .ARM.attributes
                0x00000034       0x34 lpc_chip_43xx/src/sysinit_18xx_43xx.o
 .ARM.attributes
                0x00000068       0x34 lpc_chip_43xx/src/fpu_init.o
 .ARM.attributes
                0x0000009c       0x34 lpc_chip_43xx/src/chip_18xx_43xx.o
 .ARM.attributes
                0x000000d0       0x34 lpc_chip_43xx/src/clock_18xx_43xx.o
 .ARM.attributes
                0x00000104       0x34 lpc_chip_43xx/src/gpio_18xx_43xx.o
 .ARM.attributes
                0x00000138       0x34 lpc_chip_43xx/src/uart_18xx_43xx.o
 .ARM.attributes
                0x0000016c       0x34 lpc_board_ciaa_edu_4337/src/sysinit.o
 .ARM.attributes
                0x000001a0       0x34 lpc_board_ciaa_edu_4337/src/system.o
 .ARM.attributes
                0x000001d4       0x39 lpc_board_ciaa_edu_4337/src/crp.o
 .ARM.attributes
                0x0000020d       0x34 lpc_board_ciaa_edu_4337/src/board_sysinit.o
 .ARM.attributes
                0x00000241       0x34 lpc_board_ciaa_edu_4337/src/cr_startup_lpc43xx.o
 .ARM.attributes
                0x00000275       0x34 lpc_board_ciaa_edu_4337/src/board.o
 .ARM.attributes
                0x000002a9       0x1e c:/tallerdeproyecto1/ciaa_software_1.1-win/ciaa_software_1.1-win/tools/arm-none-eabi-gcc/bin/../lib/gcc/arm-none-eabi/8.2.1/thumb/v7e-m+fp/hard\libgcc.a(_arm_addsubdf3.o)
 .ARM.attributes
                0x000002c7       0x1e c:/tallerdeproyecto1/ciaa_software_1.1-win/ciaa_software_1.1-win/tools/arm-none-eabi-gcc/bin/../lib/gcc/arm-none-eabi/8.2.1/thumb/v7e-m+fp/hard\libgcc.a(_arm_muldivdf3.o)
 .ARM.attributes
                0x000002e5       0x1e c:/tallerdeproyecto1/ciaa_software_1.1-win/ciaa_software_1.1-win/tools/arm-none-eabi-gcc/bin/../lib/gcc/arm-none-eabi/8.2.1/thumb/v7e-m+fp/hard\libgcc.a(_arm_truncdfsf2.o)
 .ARM.attributes
                0x00000303       0x1e c:/tallerdeproyecto1/ciaa_software_1.1-win/ciaa_software_1.1-win/tools/arm-none-eabi-gcc/bin/../lib/gcc/arm-none-eabi/8.2.1/thumb/v7e-m+fp/hard\libgcc.a(_aeabi_uldivmod.o)
 .ARM.attributes
                0x00000321       0x34 c:/tallerdeproyecto1/ciaa_software_1.1-win/ciaa_software_1.1-win/tools/arm-none-eabi-gcc/bin/../lib/gcc/arm-none-eabi/8.2.1/thumb/v7e-m+fp/hard\libgcc.a(_udivmoddi4.o)
 .ARM.attributes
                0x00000355       0x1e c:/tallerdeproyecto1/ciaa_software_1.1-win/ciaa_software_1.1-win/tools/arm-none-eabi-gcc/bin/../lib/gcc/arm-none-eabi/8.2.1/thumb/v7e-m+fp/hard\libgcc.a(_dvmd_tls.o)
 .ARM.attributes
                0x00000373       0x34 c:/tallerdeproyecto1/ciaa_software_1.1-win/ciaa_software_1.1-win/tools/arm-none-eabi-gcc/bin/../lib/gcc/arm-none-eabi/8.2.1/../../../../arm-none-eabi/lib/thumb/v7e-m+fp/hard\libc_nano.a(lib_a-memset.o)
 .ARM.attributes
                0x000003a7       0x34 c:/tallerdeproyecto1/ciaa_software_1.1-win/ciaa_software_1.1-win/tools/arm-none-eabi-gcc/bin/../lib/gcc/arm-none-eabi/8.2.1/../../../../arm-none-eabi/lib/thumb/v7e-m+fp/hard\libc_nano.a(lib_a-printf.o)
 .ARM.attributes
                0x000003db       0x34 c:/tallerdeproyecto1/ciaa_software_1.1-win/ciaa_software_1.1-win/tools/arm-none-eabi-gcc/bin/../lib/gcc/arm-none-eabi/8.2.1/../../../../arm-none-eabi/lib/thumb/v7e-m+fp/hard\libc_nano.a(lib_a-puts.o)
 .ARM.attributes
                0x0000040f       0x34 c:/tallerdeproyecto1/ciaa_software_1.1-win/ciaa_software_1.1-win/tools/arm-none-eabi-gcc/bin/../lib/gcc/arm-none-eabi/8.2.1/../../../../arm-none-eabi/lib/thumb/v7e-m+fp/hard\libc_nano.a(lib_a-wbuf.o)
 .ARM.attributes
                0x00000443       0x34 c:/tallerdeproyecto1/ciaa_software_1.1-win/ciaa_software_1.1-win/tools/arm-none-eabi-gcc/bin/../lib/gcc/arm-none-eabi/8.2.1/../../../../arm-none-eabi/lib/thumb/v7e-m+fp/hard\libc_nano.a(lib_a-wsetup.o)
 .ARM.attributes
                0x00000477       0x34 c:/tallerdeproyecto1/ciaa_software_1.1-win/ciaa_software_1.1-win/tools/arm-none-eabi-gcc/bin/../lib/gcc/arm-none-eabi/8.2.1/../../../../arm-none-eabi/lib/thumb/v7e-m+fp/hard\libc_nano.a(lib_a-fflush.o)
 .ARM.attributes
                0x000004ab       0x34 c:/tallerdeproyecto1/ciaa_software_1.1-win/ciaa_software_1.1-win/tools/arm-none-eabi-gcc/bin/../lib/gcc/arm-none-eabi/8.2.1/../../../../arm-none-eabi/lib/thumb/v7e-m+fp/hard\libc_nano.a(lib_a-findfp.o)
 .ARM.attributes
                0x000004df       0x34 c:/tallerdeproyecto1/ciaa_software_1.1-win/ciaa_software_1.1-win/tools/arm-none-eabi-gcc/bin/../lib/gcc/arm-none-eabi/8.2.1/../../../../arm-none-eabi/lib/thumb/v7e-m+fp/hard\libc_nano.a(lib_a-fwalk.o)
 .ARM.attributes
                0x00000513       0x32 c:/tallerdeproyecto1/ciaa_software_1.1-win/ciaa_software_1.1-win/tools/arm-none-eabi-gcc/bin/../lib/gcc/arm-none-eabi/8.2.1/../../../../arm-none-eabi/lib/thumb/v7e-m+fp/hard\libc_nano.a(lib_a-impure.o)
 .ARM.attributes
                0x00000545       0x34 c:/tallerdeproyecto1/ciaa_software_1.1-win/ciaa_software_1.1-win/tools/arm-none-eabi-gcc/bin/../lib/gcc/arm-none-eabi/8.2.1/../../../../arm-none-eabi/lib/thumb/v7e-m+fp/hard\libc_nano.a(lib_a-lock.o)
 .ARM.attributes
                0x00000579       0x34 c:/tallerdeproyecto1/ciaa_software_1.1-win/ciaa_software_1.1-win/tools/arm-none-eabi-gcc/bin/../lib/gcc/arm-none-eabi/8.2.1/../../../../arm-none-eabi/lib/thumb/v7e-m+fp/hard\libc_nano.a(lib_a-makebuf.o)
 .ARM.attributes
                0x000005ad       0x34 c:/tallerdeproyecto1/ciaa_software_1.1-win/ciaa_software_1.1-win/tools/arm-none-eabi-gcc/bin/../lib/gcc/arm-none-eabi/8.2.1/../../../../arm-none-eabi/lib/thumb/v7e-m+fp/hard\libc_nano.a(lib_a-nano-freer.o)
 .ARM.attributes
                0x000005e1       0x34 c:/tallerdeproyecto1/ciaa_software_1.1-win/ciaa_software_1.1-win/tools/arm-none-eabi-gcc/bin/../lib/gcc/arm-none-eabi/8.2.1/../../../../arm-none-eabi/lib/thumb/v7e-m+fp/hard\libc_nano.a(lib_a-nano-mallocr.o)
 .ARM.attributes
                0x00000615       0x34 c:/tallerdeproyecto1/ciaa_software_1.1-win/ciaa_software_1.1-win/tools/arm-none-eabi-gcc/bin/../lib/gcc/arm-none-eabi/8.2.1/../../../../arm-none-eabi/lib/thumb/v7e-m+fp/hard\libc_nano.a(lib_a-nano-vfprintf.o)
 .ARM.attributes
                0x00000649       0x34 c:/tallerdeproyecto1/ciaa_software_1.1-win/ciaa_software_1.1-win/tools/arm-none-eabi-gcc/bin/../lib/gcc/arm-none-eabi/8.2.1/../../../../arm-none-eabi/lib/thumb/v7e-m+fp/hard\libc_nano.a(lib_a-nano-vfprintf_i.o)
 .ARM.attributes
                0x0000067d       0x34 c:/tallerdeproyecto1/ciaa_software_1.1-win/ciaa_software_1.1-win/tools/arm-none-eabi-gcc/bin/../lib/gcc/arm-none-eabi/8.2.1/../../../../arm-none-eabi/lib/thumb/v7e-m+fp/hard\libc_nano.a(lib_a-stdio.o)
 .ARM.attributes
                0x000006b1       0x1c c:/tallerdeproyecto1/ciaa_software_1.1-win/ciaa_software_1.1-win/tools/arm-none-eabi-gcc/bin/../lib/gcc/arm-none-eabi/8.2.1/../../../../arm-none-eabi/lib/thumb/v7e-m+fp/hard\libc_nano.a(lib_a-memchr.o)
 .ARM.attributes
                0x000006cd       0x34 c:/tallerdeproyecto1/ciaa_software_1.1-win/ciaa_software_1.1-win/tools/arm-none-eabi-gcc/bin/../lib/gcc/arm-none-eabi/8.2.1/../../../../arm-none-eabi/lib/thumb/v7e-m+fp/hard\libc_nano.a(lib_a-mlock.o)

.debug_frame    0x00000000     0x1368
 .debug_frame   0x00000000       0x6c app/src/main.o
 .debug_frame   0x0000006c       0x80 lpc_chip_43xx/src/sysinit_18xx_43xx.o
 .debug_frame   0x000000ec       0x2c lpc_chip_43xx/src/fpu_init.o
 .debug_frame   0x00000118       0x70 lpc_chip_43xx/src/chip_18xx_43xx.o
 .debug_frame   0x00000188      0x31c lpc_chip_43xx/src/clock_18xx_43xx.o
 .debug_frame   0x000004a4       0x90 lpc_chip_43xx/src/gpio_18xx_43xx.o
 .debug_frame   0x00000534      0x1f4 lpc_chip_43xx/src/uart_18xx_43xx.o
 .debug_frame   0x00000728       0x28 lpc_board_ciaa_edu_4337/src/sysinit.o
 .debug_frame   0x00000750      0x1a4 lpc_board_ciaa_edu_4337/src/system.o
 .debug_frame   0x000008f4       0x5c lpc_board_ciaa_edu_4337/src/board_sysinit.o
 .debug_frame   0x00000950       0xf4 lpc_board_ciaa_edu_4337/src/cr_startup_lpc43xx.o
 .debug_frame   0x00000a44      0x138 lpc_board_ciaa_edu_4337/src/board.o
 .debug_frame   0x00000b7c       0xac c:/tallerdeproyecto1/ciaa_software_1.1-win/ciaa_software_1.1-win/tools/arm-none-eabi-gcc/bin/../lib/gcc/arm-none-eabi/8.2.1/thumb/v7e-m+fp/hard\libgcc.a(_arm_addsubdf3.o)
 .debug_frame   0x00000c28       0x50 c:/tallerdeproyecto1/ciaa_software_1.1-win/ciaa_software_1.1-win/tools/arm-none-eabi-gcc/bin/../lib/gcc/arm-none-eabi/8.2.1/thumb/v7e-m+fp/hard\libgcc.a(_arm_muldivdf3.o)
 .debug_frame   0x00000c78       0x24 c:/tallerdeproyecto1/ciaa_software_1.1-win/ciaa_software_1.1-win/tools/arm-none-eabi-gcc/bin/../lib/gcc/arm-none-eabi/8.2.1/thumb/v7e-m+fp/hard\libgcc.a(_arm_truncdfsf2.o)
 .debug_frame   0x00000c9c       0x2c c:/tallerdeproyecto1/ciaa_software_1.1-win/ciaa_software_1.1-win/tools/arm-none-eabi-gcc/bin/../lib/gcc/arm-none-eabi/8.2.1/thumb/v7e-m+fp/hard\libgcc.a(_aeabi_uldivmod.o)
 .debug_frame   0x00000cc8       0x34 c:/tallerdeproyecto1/ciaa_software_1.1-win/ciaa_software_1.1-win/tools/arm-none-eabi-gcc/bin/../lib/gcc/arm-none-eabi/8.2.1/thumb/v7e-m+fp/hard\libgcc.a(_udivmoddi4.o)
 .debug_frame   0x00000cfc       0x20 c:/tallerdeproyecto1/ciaa_software_1.1-win/ciaa_software_1.1-win/tools/arm-none-eabi-gcc/bin/../lib/gcc/arm-none-eabi/8.2.1/../../../../arm-none-eabi/lib/thumb/v7e-m+fp/hard\libc_nano.a(lib_a-memset.o)
 .debug_frame   0x00000d1c       0x74 c:/tallerdeproyecto1/ciaa_software_1.1-win/ciaa_software_1.1-win/tools/arm-none-eabi-gcc/bin/../lib/gcc/arm-none-eabi/8.2.1/../../../../arm-none-eabi/lib/thumb/v7e-m+fp/hard\libc_nano.a(lib_a-printf.o)
 .debug_frame   0x00000d90       0x3c c:/tallerdeproyecto1/ciaa_software_1.1-win/ciaa_software_1.1-win/tools/arm-none-eabi-gcc/bin/../lib/gcc/arm-none-eabi/8.2.1/../../../../arm-none-eabi/lib/thumb/v7e-m+fp/hard\libc_nano.a(lib_a-puts.o)
 .debug_frame   0x00000dcc       0x40 c:/tallerdeproyecto1/ciaa_software_1.1-win/ciaa_software_1.1-win/tools/arm-none-eabi-gcc/bin/../lib/gcc/arm-none-eabi/8.2.1/../../../../arm-none-eabi/lib/thumb/v7e-m+fp/hard\libc_nano.a(lib_a-wbuf.o)
 .debug_frame   0x00000e0c       0x2c c:/tallerdeproyecto1/ciaa_software_1.1-win/ciaa_software_1.1-win/tools/arm-none-eabi-gcc/bin/../lib/gcc/arm-none-eabi/8.2.1/../../../../arm-none-eabi/lib/thumb/v7e-m+fp/hard\libc_nano.a(lib_a-wsetup.o)
 .debug_frame   0x00000e38       0x5c c:/tallerdeproyecto1/ciaa_software_1.1-win/ciaa_software_1.1-win/tools/arm-none-eabi-gcc/bin/../lib/gcc/arm-none-eabi/8.2.1/../../../../arm-none-eabi/lib/thumb/v7e-m+fp/hard\libc_nano.a(lib_a-fflush.o)
 .debug_frame   0x00000e94      0x14c c:/tallerdeproyecto1/ciaa_software_1.1-win/ciaa_software_1.1-win/tools/arm-none-eabi-gcc/bin/../lib/gcc/arm-none-eabi/8.2.1/../../../../arm-none-eabi/lib/thumb/v7e-m+fp/hard\libc_nano.a(lib_a-findfp.o)
 .debug_frame   0x00000fe0       0x54 c:/tallerdeproyecto1/ciaa_software_1.1-win/ciaa_software_1.1-win/tools/arm-none-eabi-gcc/bin/../lib/gcc/arm-none-eabi/8.2.1/../../../../arm-none-eabi/lib/thumb/v7e-m+fp/hard\libc_nano.a(lib_a-fwalk.o)
 .debug_frame   0x00001034       0xb0 c:/tallerdeproyecto1/ciaa_software_1.1-win/ciaa_software_1.1-win/tools/arm-none-eabi-gcc/bin/../lib/gcc/arm-none-eabi/8.2.1/../../../../arm-none-eabi/lib/thumb/v7e-m+fp/hard\libc_nano.a(lib_a-lock.o)
 .debug_frame   0x000010e4       0x58 c:/tallerdeproyecto1/ciaa_software_1.1-win/ciaa_software_1.1-win/tools/arm-none-eabi-gcc/bin/../lib/gcc/arm-none-eabi/8.2.1/../../../../arm-none-eabi/lib/thumb/v7e-m+fp/hard\libc_nano.a(lib_a-makebuf.o)
 .debug_frame   0x0000113c       0x38 c:/tallerdeproyecto1/ciaa_software_1.1-win/ciaa_software_1.1-win/tools/arm-none-eabi-gcc/bin/../lib/gcc/arm-none-eabi/8.2.1/../../../../arm-none-eabi/lib/thumb/v7e-m+fp/hard\libc_nano.a(lib_a-nano-freer.o)
 .debug_frame   0x00001174       0x30 c:/tallerdeproyecto1/ciaa_software_1.1-win/ciaa_software_1.1-win/tools/arm-none-eabi-gcc/bin/../lib/gcc/arm-none-eabi/8.2.1/../../../../arm-none-eabi/lib/thumb/v7e-m+fp/hard\libc_nano.a(lib_a-nano-mallocr.o)
 .debug_frame   0x000011a4       0xac c:/tallerdeproyecto1/ciaa_software_1.1-win/ciaa_software_1.1-win/tools/arm-none-eabi-gcc/bin/../lib/gcc/arm-none-eabi/8.2.1/../../../../arm-none-eabi/lib/thumb/v7e-m+fp/hard\libc_nano.a(lib_a-nano-vfprintf.o)
 .debug_frame   0x00001250       0x60 c:/tallerdeproyecto1/ciaa_software_1.1-win/ciaa_software_1.1-win/tools/arm-none-eabi-gcc/bin/../lib/gcc/arm-none-eabi/8.2.1/../../../../arm-none-eabi/lib/thumb/v7e-m+fp/hard\libc_nano.a(lib_a-nano-vfprintf_i.o)
 .debug_frame   0x000012b0       0x88 c:/tallerdeproyecto1/ciaa_software_1.1-win/ciaa_software_1.1-win/tools/arm-none-eabi-gcc/bin/../lib/gcc/arm-none-eabi/8.2.1/../../../../arm-none-eabi/lib/thumb/v7e-m+fp/hard\libc_nano.a(lib_a-stdio.o)
 .debug_frame   0x00001338       0x30 c:/tallerdeproyecto1/ciaa_software_1.1-win/ciaa_software_1.1-win/tools/arm-none-eabi-gcc/bin/../lib/gcc/arm-none-eabi/8.2.1/../../../../arm-none-eabi/lib/thumb/v7e-m+fp/hard\libc_nano.a(lib_a-mlock.o)

Cross Reference Table

Symbol                                            File
ADC0_IRQHandler                                   lpc_board_ciaa_edu_4337/src/cr_startup_lpc43xx.o
ADC1_IRQHandler                                   lpc_board_ciaa_edu_4337/src/cr_startup_lpc43xx.o
ADCHS_IRQHandler                                  lpc_board_ciaa_edu_4337/src/cr_startup_lpc43xx.o
ATIMER_IRQHandler                                 lpc_board_ciaa_edu_4337/src/cr_startup_lpc43xx.o
Board_DAC_Init                                    lpc_board_ciaa_edu_4337/src/board.o
Board_Debug_Init                                  lpc_board_ciaa_edu_4337/src/board.o
Board_ENET_GetMacADDR                             lpc_board_ciaa_edu_4337/src/board.o
Board_I2C_Init                                    lpc_board_ciaa_edu_4337/src/board.o
Board_Init                                        lpc_board_ciaa_edu_4337/src/board.o
                                                  app/src/main.o
Board_LED_Set                                     lpc_board_ciaa_edu_4337/src/board.o
                                                  app/src/main.o
Board_LED_Test                                    lpc_board_ciaa_edu_4337/src/board.o
Board_LED_Toggle                                  lpc_board_ciaa_edu_4337/src/board.o
Board_SDMMC_Init                                  lpc_board_ciaa_edu_4337/src/board.o
Board_SSP_Init                                    lpc_board_ciaa_edu_4337/src/board.o
Board_SetupClocking                               lpc_board_ciaa_edu_4337/src/board_sysinit.o
Board_SetupMuxing                                 lpc_board_ciaa_edu_4337/src/board_sysinit.o
Board_SystemInit                                  lpc_board_ciaa_edu_4337/src/board_sysinit.o
                                                  lpc_board_ciaa_edu_4337/src/sysinit.o
Board_UARTGetChar                                 lpc_board_ciaa_edu_4337/src/board.o
                                                  lpc_board_ciaa_edu_4337/src/system.o
Board_UARTPutChar                                 lpc_board_ciaa_edu_4337/src/board.o
                                                  lpc_board_ciaa_edu_4337/src/system.o
Board_UARTPutSTR                                  lpc_board_ciaa_edu_4337/src/board.o
Board_UART_Init                                   lpc_board_ciaa_edu_4337/src/board.o
BusFault_Handler                                  lpc_board_ciaa_edu_4337/src/cr_startup_lpc43xx.o
CAN0_IRQHandler                                   lpc_board_ciaa_edu_4337/src/cr_startup_lpc43xx.o
CAN1_IRQHandler                                   lpc_board_ciaa_edu_4337/src/cr_startup_lpc43xx.o
CRP_WORD                                          lpc_board_ciaa_edu_4337/src/crp.o
Chip_ADC_DeInit                                   lpc_chip_43xx/src/adc_18xx_43xx.o
Chip_ADC_EnableChannel                            lpc_chip_43xx/src/adc_18xx_43xx.o
Chip_ADC_Init                                     lpc_chip_43xx/src/adc_18xx_43xx.o
Chip_ADC_Int_SetChannelCmd                        lpc_chip_43xx/src/adc_18xx_43xx.o
Chip_ADC_ReadByte                                 lpc_chip_43xx/src/adc_18xx_43xx.o
Chip_ADC_ReadStatus                               lpc_chip_43xx/src/adc_18xx_43xx.o
Chip_ADC_ReadValue                                lpc_chip_43xx/src/adc_18xx_43xx.o
Chip_ADC_SetBurstCmd                              lpc_chip_43xx/src/adc_18xx_43xx.o
Chip_ADC_SetResolution                            lpc_chip_43xx/src/adc_18xx_43xx.o
Chip_ADC_SetSampleRate                            lpc_chip_43xx/src/adc_18xx_43xx.o
Chip_ADC_SetStartMode                             lpc_chip_43xx/src/adc_18xx_43xx.o
Chip_AES_Config_DMA                               lpc_chip_43xx/src/aes_18xx_43xx.o
Chip_AES_GetStatusDMA                             lpc_chip_43xx/src/aes_18xx_43xx.o
Chip_AES_Init                                     lpc_chip_43xx/src/aes_18xx_43xx.o
Chip_AES_LoadIV_IC                                lpc_chip_43xx/src/aes_18xx_43xx.o
Chip_AES_LoadIV_SW                                lpc_chip_43xx/src/aes_18xx_43xx.o
Chip_AES_LoadKey                                  lpc_chip_43xx/src/aes_18xx_43xx.o
Chip_AES_LoadKeyRNG                               lpc_chip_43xx/src/aes_18xx_43xx.o
Chip_AES_LoadKeySW                                lpc_chip_43xx/src/aes_18xx_43xx.o
Chip_AES_Operate                                  lpc_chip_43xx/src/aes_18xx_43xx.o
Chip_AES_OperateDMA                               lpc_chip_43xx/src/aes_18xx_43xx.o
Chip_AES_ProgramKey                               lpc_chip_43xx/src/aes_18xx_43xx.o
Chip_AES_SetMode                                  lpc_chip_43xx/src/aes_18xx_43xx.o
Chip_ATIMER_DeInit                                lpc_chip_43xx/src/atimer_18xx_43xx.o
Chip_ATIMER_Init                                  lpc_chip_43xx/src/atimer_18xx_43xx.o
Chip_CCAN_AddReceiveID                            lpc_chip_43xx/src/ccan_18xx_43xx.o
Chip_CCAN_ClearStatus                             lpc_chip_43xx/src/ccan_18xx_43xx.o
Chip_CCAN_DeInit                                  lpc_chip_43xx/src/ccan_18xx_43xx.o
Chip_CCAN_DeleteReceiveID                         lpc_chip_43xx/src/ccan_18xx_43xx.o
Chip_CCAN_GetMsgObject                            lpc_chip_43xx/src/ccan_18xx_43xx.o
Chip_CCAN_Init                                    lpc_chip_43xx/src/ccan_18xx_43xx.o
Chip_CCAN_Send                                    lpc_chip_43xx/src/ccan_18xx_43xx.o
Chip_CCAN_SetBitRate                              lpc_chip_43xx/src/ccan_18xx_43xx.o
Chip_CCAN_SetMsgObject                            lpc_chip_43xx/src/ccan_18xx_43xx.o
Chip_CCAN_SetValidMsg                             lpc_chip_43xx/src/ccan_18xx_43xx.o
Chip_CCAN_TransferMsgObject                       lpc_chip_43xx/src/ccan_18xx_43xx.o
Chip_Clock_CalcMainPLLValue                       lpc_chip_43xx/src/clock_18xx_43xx.o
                                                  lpc_chip_43xx/src/sysinit_18xx_43xx.o
Chip_Clock_ClearPowerDown                         lpc_chip_43xx/src/clock_18xx_43xx.o
Chip_Clock_Disable                                lpc_chip_43xx/src/clock_18xx_43xx.o
                                                  lpc_chip_43xx/src/hsadc_18xx_43xx.o
                                                  lpc_chip_43xx/src/sct_18xx_43xx.o
                                                  lpc_chip_43xx/src/ritimer_18xx_43xx.o
                                                  lpc_chip_43xx/src/i2s_18xx_43xx.o
                                                  lpc_chip_43xx/src/lcd_18xx_43xx.o
                                                  lpc_chip_43xx/src/uart_18xx_43xx.o
                                                  lpc_chip_43xx/src/ccan_18xx_43xx.o
                                                  lpc_chip_43xx/src/sdif_18xx_43xx.o
                                                  lpc_chip_43xx/src/adc_18xx_43xx.o
                                                  lpc_chip_43xx/src/spi_18xx_43xx.o
                                                  lpc_chip_43xx/src/gpdma_18xx_43xx.o
                                                  lpc_chip_43xx/src/enet_18xx_43xx.o
                                                  lpc_chip_43xx/src/ssp_18xx_43xx.o
                                                  lpc_chip_43xx/src/i2c_18xx_43xx.o
                                                  lpc_chip_43xx/src/timer_18xx_43xx.o
                                                  lpc_chip_43xx/src/i2cm_18xx_43xx.o
                                                  lpc_chip_43xx/src/dac_18xx_43xx.o
Chip_Clock_DisableBaseClock                       lpc_chip_43xx/src/clock_18xx_43xx.o
Chip_Clock_DisableCrystal                         lpc_chip_43xx/src/clock_18xx_43xx.o
Chip_Clock_DisablePLL                             lpc_chip_43xx/src/clock_18xx_43xx.o
Chip_Clock_Enable                                 lpc_chip_43xx/src/clock_18xx_43xx.o
                                                  lpc_chip_43xx/src/hsadc_18xx_43xx.o
                                                  lpc_chip_43xx/src/i2s_18xx_43xx.o
                                                  lpc_chip_43xx/src/spi_18xx_43xx.o
                                                  lpc_chip_43xx/src/ssp_18xx_43xx.o
                                                  lpc_chip_43xx/src/i2c_18xx_43xx.o
                                                  lpc_chip_43xx/src/timer_18xx_43xx.o
                                                  lpc_chip_43xx/src/i2cm_18xx_43xx.o
Chip_Clock_EnableBaseClock                        lpc_chip_43xx/src/clock_18xx_43xx.o
                                                  lpc_chip_43xx/src/chip_18xx_43xx.o
Chip_Clock_EnableCrystal                          lpc_chip_43xx/src/clock_18xx_43xx.o
                                                  lpc_chip_43xx/src/sysinit_18xx_43xx.o
Chip_Clock_EnableOpts                             lpc_chip_43xx/src/clock_18xx_43xx.o
                                                  lpc_chip_43xx/src/hsadc_18xx_43xx.o
                                                  lpc_chip_43xx/src/sct_18xx_43xx.o
                                                  lpc_chip_43xx/src/ritimer_18xx_43xx.o
                                                  lpc_chip_43xx/src/lcd_18xx_43xx.o
                                                  lpc_chip_43xx/src/uart_18xx_43xx.o
                                                  lpc_chip_43xx/src/ccan_18xx_43xx.o
                                                  lpc_chip_43xx/src/sdif_18xx_43xx.o
                                                  lpc_chip_43xx/src/adc_18xx_43xx.o
                                                  lpc_chip_43xx/src/gpdma_18xx_43xx.o
                                                  lpc_chip_43xx/src/enet_18xx_43xx.o
                                                  lpc_chip_43xx/src/dac_18xx_43xx.o
                                                  lpc_chip_43xx/src/chip_18xx_43xx.o
Chip_Clock_EnablePLL                              lpc_chip_43xx/src/clock_18xx_43xx.o
                                                  lpc_chip_43xx/src/chip_18xx_43xx.o
Chip_Clock_GetBaseClock                           lpc_chip_43xx/src/clock_18xx_43xx.o
Chip_Clock_GetBaseClockOpts                       lpc_chip_43xx/src/clock_18xx_43xx.o
Chip_Clock_GetBaseClocktHz                        lpc_chip_43xx/src/clock_18xx_43xx.o
                                                  lpc_chip_43xx/src/sdio_18xx_43xx.o
                                                  lpc_chip_43xx/src/sdmmc_18xx_43xx.o
Chip_Clock_GetClockInputHz                        lpc_chip_43xx/src/clock_18xx_43xx.o
                                                  lpc_chip_43xx/src/chip_18xx_43xx.o
Chip_Clock_GetDividerDivisor                      lpc_chip_43xx/src/clock_18xx_43xx.o
Chip_Clock_GetDividerSource                       lpc_chip_43xx/src/clock_18xx_43xx.o
Chip_Clock_GetEMCRate                             lpc_chip_43xx/src/clock_18xx_43xx.o
                                                  lpc_chip_43xx/src/emc_18xx_43xx.o
Chip_Clock_GetMainPLLHz                           lpc_chip_43xx/src/clock_18xx_43xx.o
Chip_Clock_GetPLLStatus                           lpc_chip_43xx/src/clock_18xx_43xx.o
                                                  lpc_chip_43xx/src/chip_18xx_43xx.o
Chip_Clock_GetRate                                lpc_chip_43xx/src/clock_18xx_43xx.o
                                                  lpc_chip_43xx/src/hsadc_18xx_43xx.o
                                                  lpc_chip_43xx/src/ritimer_18xx_43xx.o
                                                  lpc_chip_43xx/src/i2s_18xx_43xx.o
                                                  lpc_chip_43xx/src/uart_18xx_43xx.o
                                                  lpc_chip_43xx/src/ccan_18xx_43xx.o
                                                  lpc_chip_43xx/src/sct_pwm_18xx_43xx.o
                                                  lpc_chip_43xx/src/stopwatch_18xx_43xx.o
                                                  lpc_chip_43xx/src/adc_18xx_43xx.o
                                                  lpc_chip_43xx/src/spi_18xx_43xx.o
                                                  lpc_chip_43xx/src/ssp_18xx_43xx.o
                                                  lpc_chip_43xx/src/i2c_18xx_43xx.o
                                                  lpc_chip_43xx/src/i2cm_18xx_43xx.o
                                                  lpc_chip_43xx/src/eeprom_18xx_43xx.o
                                                  lpc_chip_43xx/src/chip_18xx_43xx.o
Chip_Clock_IsBaseClockEnabled                     lpc_chip_43xx/src/clock_18xx_43xx.o
Chip_Clock_RTCEnable                              lpc_chip_43xx/src/clock_18xx_43xx.o
                                                  lpc_chip_43xx/src/rtc_18xx_43xx.o
Chip_Clock_SetBaseClock                           lpc_chip_43xx/src/clock_18xx_43xx.o
                                                  lpc_board_ciaa_edu_4337/src/board_sysinit.o
                                                  lpc_chip_43xx/src/chip_18xx_43xx.o
                                                  lpc_chip_43xx/src/sysinit_18xx_43xx.o
Chip_Clock_SetDivider                             lpc_chip_43xx/src/clock_18xx_43xx.o
                                                  lpc_chip_43xx/src/chip_18xx_43xx.o
Chip_Clock_SetupMainPLLHz                         lpc_chip_43xx/src/clock_18xx_43xx.o
Chip_Clock_SetupMainPLLMult                       lpc_chip_43xx/src/clock_18xx_43xx.o
Chip_Clock_SetupPLL                               lpc_chip_43xx/src/clock_18xx_43xx.o
                                                  lpc_chip_43xx/src/chip_18xx_43xx.o
Chip_Clock_StartPowerDown                         lpc_chip_43xx/src/clock_18xx_43xx.o
Chip_DAC_DeInit                                   lpc_chip_43xx/src/dac_18xx_43xx.o
Chip_DAC_Init                                     lpc_chip_43xx/src/dac_18xx_43xx.o
Chip_DAC_SetBias                                  lpc_chip_43xx/src/dac_18xx_43xx.o
Chip_DAC_UpdateValue                              lpc_chip_43xx/src/dac_18xx_43xx.o
Chip_EEPROM_EraseProgramPage                      lpc_chip_43xx/src/eeprom_18xx_43xx.o
Chip_EEPROM_Init                                  lpc_chip_43xx/src/eeprom_18xx_43xx.o
Chip_EEPROM_WaitForIntStatus                      lpc_chip_43xx/src/eeprom_18xx_43xx.o
Chip_EMC_Dynamic_Enable                           lpc_chip_43xx/src/emc_18xx_43xx.o
Chip_EMC_Dynamic_Init                             lpc_chip_43xx/src/emc_18xx_43xx.o
Chip_EMC_Enable                                   lpc_chip_43xx/src/emc_18xx_43xx.o
Chip_EMC_Init                                     lpc_chip_43xx/src/emc_18xx_43xx.o
Chip_EMC_LowPowerMode                             lpc_chip_43xx/src/emc_18xx_43xx.o
Chip_EMC_Mirror                                   lpc_chip_43xx/src/emc_18xx_43xx.o
Chip_EMC_Static_Init                              lpc_chip_43xx/src/emc_18xx_43xx.o
Chip_ENET_DeInit                                  lpc_chip_43xx/src/enet_18xx_43xx.o
Chip_ENET_Init                                    lpc_chip_43xx/src/enet_18xx_43xx.o
Chip_ENET_SetDuplex                               lpc_chip_43xx/src/enet_18xx_43xx.o
Chip_ENET_SetSpeed                                lpc_chip_43xx/src/enet_18xx_43xx.o
Chip_ENET_SetupMII                                lpc_chip_43xx/src/enet_18xx_43xx.o
Chip_ENET_StartMIIRead                            lpc_chip_43xx/src/enet_18xx_43xx.o
Chip_ENET_StartMIIWrite                           lpc_chip_43xx/src/enet_18xx_43xx.o
Chip_EVRT_ConfigIntSrcActiveType                  lpc_chip_43xx/src/evrt_18xx_43xx.o
Chip_EVRT_Init                                    lpc_chip_43xx/src/evrt_18xx_43xx.o
Chip_EVRT_IsSourceInterrupting                    lpc_chip_43xx/src/evrt_18xx_43xx.o
Chip_EVRT_SetUpIntSrc                             lpc_chip_43xx/src/evrt_18xx_43xx.o
Chip_GPDMA_ChannelCmd                             lpc_chip_43xx/src/gpdma_18xx_43xx.o
Chip_GPDMA_ClearIntPending                        lpc_chip_43xx/src/gpdma_18xx_43xx.o
Chip_GPDMA_DeInit                                 lpc_chip_43xx/src/gpdma_18xx_43xx.o
Chip_GPDMA_GetFreeChannel                         lpc_chip_43xx/src/gpdma_18xx_43xx.o
Chip_GPDMA_Init                                   lpc_chip_43xx/src/gpdma_18xx_43xx.o
Chip_GPDMA_InitChannelCfg                         lpc_chip_43xx/src/gpdma_18xx_43xx.o
Chip_GPDMA_IntGetStatus                           lpc_chip_43xx/src/gpdma_18xx_43xx.o
Chip_GPDMA_Interrupt                              lpc_chip_43xx/src/gpdma_18xx_43xx.o
Chip_GPDMA_PrepareDescriptor                      lpc_chip_43xx/src/gpdma_18xx_43xx.o
Chip_GPDMA_SGTransfer                             lpc_chip_43xx/src/gpdma_18xx_43xx.o
Chip_GPDMA_Stop                                   lpc_chip_43xx/src/gpdma_18xx_43xx.o
Chip_GPDMA_Transfer                               lpc_chip_43xx/src/gpdma_18xx_43xx.o
Chip_GPIO_DeInit                                  lpc_chip_43xx/src/gpio_18xx_43xx.o
Chip_GPIO_Init                                    lpc_chip_43xx/src/gpio_18xx_43xx.o
                                                  lpc_board_ciaa_edu_4337/src/board.o
Chip_GPIO_SetDir                                  lpc_chip_43xx/src/gpio_18xx_43xx.o
Chip_GPIO_SetPinDIR                               lpc_chip_43xx/src/gpio_18xx_43xx.o
Chip_GPIO_SetPortDIR                              lpc_chip_43xx/src/gpio_18xx_43xx.o
Chip_GPIO_WriteDirBit                             lpc_chip_43xx/src/gpio_18xx_43xx.o
Chip_HSADC_DeInit                                 lpc_chip_43xx/src/hsadc_18xx_43xx.o
Chip_HSADC_Init                                   lpc_chip_43xx/src/hsadc_18xx_43xx.o
Chip_HSADC_SetACDCBias                            lpc_chip_43xx/src/hsadc_18xx_43xx.o
Chip_HSADC_SetPowerSpeed                          lpc_chip_43xx/src/hsadc_18xx_43xx.o
Chip_HSADC_SetSpeed                               lpc_chip_43xx/src/hsadc_18xx_43xx.o
Chip_HSADC_SetThrHighValue                        lpc_chip_43xx/src/hsadc_18xx_43xx.o
Chip_HSADC_SetThrLowValue                         lpc_chip_43xx/src/hsadc_18xx_43xx.o
Chip_HSADC_SetupFIFO                              lpc_chip_43xx/src/hsadc_18xx_43xx.o
Chip_I2CM_DeInit                                  lpc_chip_43xx/src/i2cm_18xx_43xx.o
Chip_I2CM_Init                                    lpc_chip_43xx/src/i2cm_18xx_43xx.o
Chip_I2CM_Read                                    lpc_chip_43xx/src/i2cm_18xx_43xx.o
Chip_I2CM_SetBusSpeed                             lpc_chip_43xx/src/i2cm_18xx_43xx.o
Chip_I2CM_Write                                   lpc_chip_43xx/src/i2cm_18xx_43xx.o
Chip_I2CM_Xfer                                    lpc_chip_43xx/src/i2cm_18xx_43xx.o
Chip_I2CM_XferBlocking                            lpc_chip_43xx/src/i2cm_18xx_43xx.o
Chip_I2CM_XferHandler                             lpc_chip_43xx/src/i2cm_18xx_43xx.o
Chip_I2C_DeInit                                   lpc_chip_43xx/src/i2c_18xx_43xx.o
Chip_I2C_Disable                                  lpc_chip_43xx/src/i2c_18xx_43xx.o
Chip_I2C_EventHandler                             lpc_chip_43xx/src/i2c_18xx_43xx.o
Chip_I2C_EventHandlerPolling                      lpc_chip_43xx/src/i2c_18xx_43xx.o
Chip_I2C_GetClockRate                             lpc_chip_43xx/src/i2c_18xx_43xx.o
Chip_I2C_GetMasterEventHandler                    lpc_chip_43xx/src/i2c_18xx_43xx.o
Chip_I2C_Init                                     lpc_chip_43xx/src/i2c_18xx_43xx.o
Chip_I2C_IsMasterActive                           lpc_chip_43xx/src/i2c_18xx_43xx.o
Chip_I2C_IsStateChanged                           lpc_chip_43xx/src/i2c_18xx_43xx.o
Chip_I2C_MasterCmdRead                            lpc_chip_43xx/src/i2c_18xx_43xx.o
Chip_I2C_MasterRead                               lpc_chip_43xx/src/i2c_18xx_43xx.o
Chip_I2C_MasterSend                               lpc_chip_43xx/src/i2c_18xx_43xx.o
Chip_I2C_MasterStateHandler                       lpc_chip_43xx/src/i2c_18xx_43xx.o
Chip_I2C_MasterTransfer                           lpc_chip_43xx/src/i2c_18xx_43xx.o
Chip_I2C_SetClockRate                             lpc_chip_43xx/src/i2c_18xx_43xx.o
Chip_I2C_SetMasterEventHandler                    lpc_chip_43xx/src/i2c_18xx_43xx.o
Chip_I2C_SlaveSetup                               lpc_chip_43xx/src/i2c_18xx_43xx.o
Chip_I2C_SlaveStateHandler                        lpc_chip_43xx/src/i2c_18xx_43xx.o
Chip_I2S_DMA_RxCmd                                lpc_chip_43xx/src/i2s_18xx_43xx.o
Chip_I2S_DMA_TxCmd                                lpc_chip_43xx/src/i2s_18xx_43xx.o
Chip_I2S_DeInit                                   lpc_chip_43xx/src/i2s_18xx_43xx.o
Chip_I2S_Init                                     lpc_chip_43xx/src/i2s_18xx_43xx.o
Chip_I2S_Int_RxCmd                                lpc_chip_43xx/src/i2s_18xx_43xx.o
Chip_I2S_Int_TxCmd                                lpc_chip_43xx/src/i2s_18xx_43xx.o
Chip_I2S_RxConfig                                 lpc_chip_43xx/src/i2s_18xx_43xx.o
Chip_I2S_TxConfig                                 lpc_chip_43xx/src/i2s_18xx_43xx.o
Chip_IAP_BlankCheckSector                         lpc_chip_43xx/src/iap_18xx_43xx.o
Chip_IAP_Compare                                  lpc_chip_43xx/src/iap_18xx_43xx.o
Chip_IAP_CopyRamToFlash                           lpc_chip_43xx/src/iap_18xx_43xx.o
Chip_IAP_ErasePage                                lpc_chip_43xx/src/iap_18xx_43xx.o
Chip_IAP_EraseSector                              lpc_chip_43xx/src/iap_18xx_43xx.o
Chip_IAP_PreSectorForReadWrite                    lpc_chip_43xx/src/iap_18xx_43xx.o
Chip_IAP_ReadBootCode                             lpc_chip_43xx/src/iap_18xx_43xx.o
Chip_IAP_ReadPID                                  lpc_chip_43xx/src/iap_18xx_43xx.o
Chip_IAP_ReadUID                                  lpc_chip_43xx/src/iap_18xx_43xx.o
Chip_IAP_ReinvokeISP                              lpc_chip_43xx/src/iap_18xx_43xx.o
Chip_IAP_SetBootFlashBank                         lpc_chip_43xx/src/iap_18xx_43xx.o
Chip_LCD_Cursor_Config                            lpc_chip_43xx/src/lcd_18xx_43xx.o
Chip_LCD_Cursor_WriteImage                        lpc_chip_43xx/src/lcd_18xx_43xx.o
Chip_LCD_DeInit                                   lpc_chip_43xx/src/lcd_18xx_43xx.o
Chip_LCD_Init                                     lpc_chip_43xx/src/lcd_18xx_43xx.o
Chip_LCD_LoadPalette                              lpc_chip_43xx/src/lcd_18xx_43xx.o
Chip_OTP_GenRand                                  lpc_chip_43xx/src/otp_18xx_43xx.o
Chip_OTP_Init                                     lpc_chip_43xx/src/otp_18xx_43xx.o
Chip_OTP_ProgBootSrc                              lpc_chip_43xx/src/otp_18xx_43xx.o
Chip_OTP_ProgGPWord                               lpc_chip_43xx/src/otp_18xx_43xx.o
Chip_OTP_ProgJTAGDis                              lpc_chip_43xx/src/otp_18xx_43xx.o
Chip_OTP_ProgKey                                  lpc_chip_43xx/src/otp_18xx_43xx.o
Chip_OTP_ProgUSBID                                lpc_chip_43xx/src/otp_18xx_43xx.o
Chip_PMC_Set_PwrState                             lpc_chip_43xx/src/pmc_18xx_43xx.o
Chip_PMC_Sleep                                    lpc_chip_43xx/src/pmc_18xx_43xx.o
Chip_RIT_DeInit                                   lpc_chip_43xx/src/ritimer_18xx_43xx.o
Chip_RIT_GetIntStatus                             lpc_chip_43xx/src/ritimer_18xx_43xx.o
Chip_RIT_Init                                     lpc_chip_43xx/src/ritimer_18xx_43xx.o
Chip_RIT_SetTimerInterval                         lpc_chip_43xx/src/ritimer_18xx_43xx.o
Chip_RTC_AlarmIntConfig                           lpc_chip_43xx/src/rtc_18xx_43xx.o
Chip_RTC_CalibCounterCmd                          lpc_chip_43xx/src/rtc_18xx_43xx.o
Chip_RTC_CntIncrIntConfig                         lpc_chip_43xx/src/rtc_18xx_43xx.o
Chip_RTC_DeInit                                   lpc_chip_43xx/src/rtc_18xx_43xx.o
Chip_RTC_EV_GetFirstTimeStamp                     lpc_chip_43xx/src/rtc_18xx_43xx.o
Chip_RTC_EV_GetLastTimeStamp                      lpc_chip_43xx/src/rtc_18xx_43xx.o
Chip_RTC_Enable                                   lpc_chip_43xx/src/rtc_18xx_43xx.o
Chip_RTC_GetFullAlarmTime                         lpc_chip_43xx/src/rtc_18xx_43xx.o
Chip_RTC_GetFullTime                              lpc_chip_43xx/src/rtc_18xx_43xx.o
Chip_RTC_Init                                     lpc_chip_43xx/src/rtc_18xx_43xx.o
Chip_RTC_ResetClockTickCounter                    lpc_chip_43xx/src/rtc_18xx_43xx.o
Chip_RTC_SetFullAlarmTime                         lpc_chip_43xx/src/rtc_18xx_43xx.o
Chip_RTC_SetFullTime                              lpc_chip_43xx/src/rtc_18xx_43xx.o
Chip_SCTPWM_SetOutPin                             lpc_chip_43xx/src/sct_pwm_18xx_43xx.o
Chip_SCTPWM_SetRate                               lpc_chip_43xx/src/sct_pwm_18xx_43xx.o
Chip_SCT_DeInit                                   lpc_chip_43xx/src/sct_18xx_43xx.o